[backblue.gif]
[fade.gif]
[index.html]
[srvdata2.asuedu.kmk/Book_OP_04_OA_25/Index.htm]
[srvdata2.asuedu.kmk/Css/Oa.css]
[srvdata2.asuedu.kmk/Book_OP_04_OA_25/Les1/ОА-2022-простой.pdf]
[srvdata2.asuedu.kmk/Book_OP_04_OA_25/Les1/Index_Les1.htm]
[srvdata2.asuedu.kmk/Book_OP_04_OA_25/Les2/Index_Les2.htm]
[srvdata2.asuedu.kmk/Book_OP_04_OA_25/Les3/Index_Les3.htm]
[srvdata2.asuedu.kmk/Book_OP_04_OA_25/Les4/Index_Les4.htm]
[srvdata2.asuedu.kmk/Book_OP_04_OA_25/VTEST/VTEST1.htm]
[srvdata2.asuedu.kmk/Book_OP_04_OA_25/Les150/pashelp.pdf]
[srvdata2.asuedu.kmk/Book_OP_04_OA_25/Les150/Index_Les150.htm]
[srvdata2.asuedu.kmk/Book_OP_04_OA_25/Les500/Index_Les500.htm]
[srvdata2.asuedu.kmk/Book_OP_04_OA_25/Les510/Index_Les510.htm]
[srvdata2.asuedu.kmk/Book_OP_04_OA_25/Les5/Index_Les5.htm]
[srvdata2.asuedu.kmk/Book_OP_04_OA_25/Les6/Index_Les6.htm]
[srvdata2.asuedu.kmk/Book_OP_04_OA_25/Les7/Index_Les7.htm]
[srvdata2.asuedu.kmk/Book_OP_04_OA_25/Les8/Index_Les8.htm]
[srvdata2.asuedu.kmk/Book_OP_04_OA_25/T1/T1.htm]
[srvdata2.asuedu.kmk/Book_OP_04_OA_25/Les9/Index_Les9.htm]
[srvdata2.asuedu.kmk/Book_OP_04_OA_25/Les10/Index_Les10.htm]
[srvdata2.asuedu.kmk/Book_OP_04_OA_25/Les11/Index_Les11.htm]
[srvdata2.asuedu.kmk/Book_OP_04_OA_25/Les12/Index_Les12.htm]
[srvdata2.asuedu.kmk/Book_OP_04_OA_25/Les13/Index_Les13.htm]
[srvdata2.asuedu.kmk/Book_OP_04_OA_25/Les14/Index_Les14.htm]
[srvdata2.asuedu.kmk/Book_OP_04_OA_25/Les15/Index_Les15.htm]
[srvdata2.asuedu.kmk/Book_OP_04_OA_25/Les16/Index_Les16.htm]
[srvdata2.asuedu.kmk/Book_OP_04_OA_25/Les17/Index_Les17.htm]
[srvdata2.asuedu.kmk/Book_OP_04_OA_25/Les18/Index_Les18.htm]
[srvdata2.asuedu.kmk/Book_OP_04_OA_25/Les19/Index_Les19.htm]
[srvdata2.asuedu.kmk/Book_OP_04_OA_25/Les20/Index_Les20.htm]
[srvdata2.asuedu.kmk/Book_OP_04_OA_25/Les21/Pic/r-21-1.png]
[srvdata2.asuedu.kmk/Book_OP_04_OA_25/Les21/Pic/img1719.png]
[srvdata2.asuedu.kmk/Book_OP_04_OA_25/Les21/Index_Les21.htm]
[srvdata2.asuedu.kmk/Book_OP_04_OA_25/Les22/Index_Les22.htm]
[srvdata2.asuedu.kmk/Book_OP_04_OA_25/Les23/Index_Les23.htm]
[srvdata2.asuedu.kmk/Book_OP_04_OA_25/Les24/Index_Les24.htm]
[srvdata2.asuedu.kmk/Book_OP_04_OA_25/Les25/Index_Les25.htm]
[srvdata2.asuedu.kmk/Book_OP_04_OA_25/Les26/Index_Les26.htm]
[srvdata2.asuedu.kmk/Book_OP_04_OA_25/Les27/Index_Les27.htm]
[srvdata2.asuedu.kmk/Book_OP_04_OA_25/Les28/Index_Les28.htm]
[srvdata2.asuedu.kmk/Book_OP_04_OA_25/LesKontrRab/Pic/V1.gif]
[srvdata2.asuedu.kmk/Book_OP_04_OA_25/LesKontrRab/Pic/V2.gif]
[srvdata2.asuedu.kmk/Book_OP_04_OA_25/LesKontrRab/Pic/V3.gif]
[srvdata2.asuedu.kmk/Book_OP_04_OA_25/LesKontrRab/Pic/V5.gif]
[srvdata2.asuedu.kmk/Book_OP_04_OA_25/LesKontrRab/1.htm]
[srvdata2.asuedu.kmk/Book_OP_04_OA_25/Les29/Index_Les29.htm]
[srvdata2.asuedu.kmk/Book_OP_04_OA_25/Les30/Index_Les30.htm]
[srvdata2.asuedu.kmk/Book_OP_04_OA_25/Les31/Index_Les31.htm]
[srvdata2.asuedu.kmk/Book_OP_04_OA_25/Les32/Index_Les32.htm]
[srvdata2.asuedu.kmk/Book_OP_04_OA_25/Les33/ascii.pdf]
[srvdata2.asuedu.kmk/Book_OP_04_OA_25/Les33/Index_Les33.htm]
[srvdata2.asuedu.kmk/Book_OP_04_OA_25/Les34/Index_Les34.htm]
[srvdata2.asuedu.kmk/Book_OP_04_OA_25/Les35/Index_Les35.htm]
[srvdata2.asuedu.kmk/Book_OP_04_OA_25/Les36/Index_Les36.htm]
[srvdata2.asuedu.kmk/Book_OP_04_OA_25/Les37/Index_Les37.htm]
[srvdata2.asuedu.kmk/Book_OP_04_OA_25/Les38/Index_Les38.htm]
[srvdata2.asuedu.kmk/Book_OP_04_OA_25/Les39/Index_Les39.htm]
[srvdata2.asuedu.kmk/Book_OP_04_OA_25/Les40/Index_Les40.htm]
[srvdata2.asuedu.kmk/Book_OP_04_OA_25/Les41/Index_Les41.htm]
[srvdata2.asuedu.kmk/Book_OP_04_OA_25/Les42/Index_Les42.htm]
[srvdata2.asuedu.kmk/Book_OP_04_OA_25/Les43/Index_Les43.htm]
[srvdata2.asuedu.kmk/Book_OP_04_OA_25/Les44/Index_Les44.htm]
[srvdata2.asuedu.kmk/Book_OP_04_OA_25/Les45/Index_Les45.htm]
[srvdata2.asuedu.kmk/Book_OP_04_OA_25/Les46/Index_Les46.htm]
[srvdata2.asuedu.kmk/Book_OP_04_OA_25/Les47/Index_Les47.htm]
[srvdata2.asuedu.kmk/Book_OP_04_OA_25/Les48/Index_Les48.htm]
[srvdata2.asuedu.kmk/Book_OP_04_OA_25/Les49/Index_Les49.htm]
[srvdata2.asuedu.kmk/Book_OP_04_OA_25/Les50/Index_Les50.htm]
[srvdata2.asuedu.kmk/Book_OP_04_OA_25/Les51/Index_Les51.htm]
[srvdata2.asuedu.kmk/Book_OP_04_OA_25/Les52/Index_Les52.htm]
[srvdata2.asuedu.kmk/Book_OP_04_OA_25/Les53/Index_Les53.htm]
[srvdata2.asuedu.kmk/Book_OP_04_OA_25/Les54/Index_Les54.htm]
[srvdata2.asuedu.kmk/Book_OP_04_OA_25/Les55/Index_Les55.htm]
[srvdata2.asuedu.kmk/Book_OP_04_OA_25/Les56/Index_Les56.htm]
[srvdata2.asuedu.kmk/Book_OP_04_OA_25/Les57/Index_Les57.htm]
[srvdata2.asuedu.kmk/Book_OP_04_OA_25/Les58/Index_Les58.htm]
[srvdata2.asuedu.kmk/Book_OP_04_OA_25/Les59/Index_Les59.htm]
[srvdata2.asuedu.kmk/Book_OP_04_OA_25/Les60/Index_Les60.htm]
[srvdata2.asuedu.kmk/Book_OP_04_OA_25/Les61/Index_Les61.htm]
[srvdata2.asuedu.kmk/Book_OP_04_OA_25/Les62/Index_Les62.htm]
[srvdata2.asuedu.kmk/Book_OP_04_OA_25/Les63/Index_Les63.htm]
[srvdata2.asuedu.kmk/Book_OP_04_OA_25/Les64/Index_Les64.htm]
[srvdata2.asuedu.kmk/Book_OP_04_OA_25/Les641/Index_Les641.htm]
[srvdata2.asuedu.kmk/Book_OP_04_OA_25/Les621/Index_Les621.htm]
[srvdata2.asuedu.kmk/Book_OP_04_OA_25/Les622/Index_Les622.htm]
[srvdata2.asuedu.kmk/Book_OP_04_OA_25/Les65/Index_Les65.htm]
[srvdata2.asuedu.kmk/Book_OP_04_OA_25/Les66/Index_Les66.htm]
[srvdata2.asuedu.kmk/Book_OP_04_OA_25/Les67/Index_Les67.htm]
[srvdata2.asuedu.kmk/Book_OP_04_OA_25/Les68/Index_Les68.htm]
[srvdata2.asuedu.kmk/Book_OP_04_OA_25/Les69/Index_Les69.htm]
[srvdata2.asuedu.kmk/Book_OP_04_OA_25/Les70/Index_Les70.htm]
[srvdata2.asuedu.kmk/Book_OP_04_OA_25/Les71/Index_Les71.htm]
[srvdata2.asuedu.kmk/Book_OP_04_OA_25/Les72/Index_Les72.htm]
[srvdata2.asuedu.kmk/Book_OP_04_OA_25/Les73/Index_Les73.htm]
[srvdata2.asuedu.kmk/Book_OP_04_OA_25/Les74/Index_Les74.htm]
[srvdata2.asuedu.kmk/Book_OP_04_OA_25/Les75/Index_Les75.htm]
[srvdata2.asuedu.kmk/Book_OP_04_OA_25/Les76/Index_Les76.htm]
[srvdata2.asuedu.kmk/Book_OP_04_OA_25/Les80/Index_Les80.htm]
[srvdata2.asuedu.kmk/Book_OP_04_OA_25/Les77/Bil_OA_2024.pdf]
[srvdata2.asuedu.kmk/Book_OP_04_OA_25/Les77/Index_Les77.htm]
[srvdata2.asuedu.kmk/Book_OP_04_OA_25/Les78/Index_Les78.htm]
[srvdata2.asuedu.kmk/CSS/Oa-2.css]
[srvdata2.asuedu.kmk/Book_OP_04_OA_25/index-2.htm]
[srvdata2.asuedu.kmk/Book_OP_04_OA_25/Les1/0.htm]
[srvdata2.asuedu.kmk/Book_OP_04_OA_25/Les1/Pic/ЖЦ разработки ПО.png]
[srvdata2.asuedu.kmk/Book_OP_04_OA_25/Les1/Pic/slide-1.jpg]
[srvdata2.asuedu.kmk/Book_OP_04_OA_25/Les1/1.htm]
[srvdata2.asuedu.kmk/Book_OP_04_OA_25/Les1/second-list.png]
[srvdata2.asuedu.kmk/Book_OP_04_OA_25/Les1/Pic/scale_1200.jpg]
[srvdata2.asuedu.kmk/Book_OP_04_OA_25/Les1/Pic/image006-3.png]
[srvdata2.asuedu.kmk/Book_OP_04_OA_25/Les1/Pic/image008-2.png]
[srvdata2.asuedu.kmk/Book_OP_04_OA_25/Les1/Pic/card.png]
[srvdata2.asuedu.kmk/Book_OP_04_OA_25/Les1/Pic/processComp.png]
[srvdata2.asuedu.kmk/Book_OP_04_OA_25/Les1/Pic/compiler1.jpg]
[srvdata2.asuedu.kmk/Book_OP_04_OA_25/Les1/2.htm]
[srvdata2.asuedu.kmk/Book_OP_04_OA_25/Les1/Pic/01_01_25.png]
[srvdata2.asuedu.kmk/Book_OP_04_OA_25/Les1/Pic/KlassCP.png]
[srvdata2.asuedu.kmk/Book_OP_04_OA_25/Les1/3.htm]
[srvdata2.asuedu.kmk/Book_OP_04_OA_25/Les1/4.htm]
[srvdata2.asuedu.kmk/Book_OP_04_OA_25/Les1/Pic/01_01_21.png]
[srvdata2.asuedu.kmk/Book_OP_04_OA_25/Les1/Pic/01_01_22.png]
[srvdata2.asuedu.kmk/Book_OP_04_OA_25/Les1/Pic/01_01_23.png]
[srvdata2.asuedu.kmk/Book_OP_04_OA_25/Les1/Pic/01_01_24.png]
[srvdata2.asuedu.kmk/Book_OP_04_OA_25/Les1/5.htm]
[srvdata2.asuedu.kmk/Book_OP_04_OA_25/Les1/7.htm]
[srvdata2.asuedu.kmk/Book_OP_04_OA_25/Les1/8.htm]
[srvdata2.asuedu.kmk/Book_OP_04_OA_25/Les2/Pic/r-2-1.png]
[srvdata2.asuedu.kmk/Book_OP_04_OA_25/Les2/1.htm]
[srvdata2.asuedu.kmk/Book_OP_04_OA_25/Les2/Pic/image001.png]
[srvdata2.asuedu.kmk/Book_OP_04_OA_25/Les2/Pic/image002.png]
[srvdata2.asuedu.kmk/Book_OP_04_OA_25/Les2/Pic/image003.png]
[srvdata2.asuedu.kmk/Book_OP_04_OA_25/Les2/Pic/image004.png]
[srvdata2.asuedu.kmk/Book_OP_04_OA_25/Les2/Pic/image005.png]
[srvdata2.asuedu.kmk/Book_OP_04_OA_25/Les2/Pic/image006.png]
[srvdata2.asuedu.kmk/Book_OP_04_OA_25/Les2/2.htm]
[srvdata2.asuedu.kmk/Book_OP_04_OA_25/Les2/Pic/r-2-2.png]
[srvdata2.asuedu.kmk/Book_OP_04_OA_25/Les2/Pic/r-2-3.png]
[srvdata2.asuedu.kmk/Book_OP_04_OA_25/Les2/Pic/r-2-4.png]
[srvdata2.asuedu.kmk/Book_OP_04_OA_25/Les2/Pic/r-2-5.png]
[srvdata2.asuedu.kmk/Book_OP_04_OA_25/Les2/3.htm]
[srvdata2.asuedu.kmk/Book_OP_04_OA_25/Les2/Pic/3323_1.gif]
[srvdata2.asuedu.kmk/Book_OP_04_OA_25/Les2/Pic/3323_2.gif]
[srvdata2.asuedu.kmk/Book_OP_04_OA_25/Les2/Pic/3323_3.gif]
[srvdata2.asuedu.kmk/Book_OP_04_OA_25/Les2/Pic/3323_4.gif]
[srvdata2.asuedu.kmk/Book_OP_04_OA_25/Les2/Pic/3323_5.gif]
[srvdata2.asuedu.kmk/Book_OP_04_OA_25/Les2/Pic/3323_6.gif]
[srvdata2.asuedu.kmk/Book_OP_04_OA_25/Les2/Pic/3323_7.gif]
[srvdata2.asuedu.kmk/Book_OP_04_OA_25/Les2/Pic/3323_8.gif]
[srvdata2.asuedu.kmk/Book_OP_04_OA_25/Les2/Pic/3323_9.gif]
[srvdata2.asuedu.kmk/Book_OP_04_OA_25/Les2/Pic/3323_10.gif]
[srvdata2.asuedu.kmk/Book_OP_04_OA_25/Les2/Pic/3323_11.gif]
[srvdata2.asuedu.kmk/Book_OP_04_OA_25/Les2/Pic/3323_12.gif]
[srvdata2.asuedu.kmk/Book_OP_04_OA_25/Les2/Pic/3323_13.gif]
[srvdata2.asuedu.kmk/Book_OP_04_OA_25/Les2/Pic/3323_14.gif]
[srvdata2.asuedu.kmk/Book_OP_04_OA_25/Les2/Pic/3323_15.gif]
[srvdata2.asuedu.kmk/Book_OP_04_OA_25/Les2/4.htm]
[srvdata2.asuedu.kmk/Book_OP_04_OA_25/Les2/Pic/3323_16.gif]
[srvdata2.asuedu.kmk/Book_OP_04_OA_25/Les2/Pic/1646230481.jpg]
[srvdata2.asuedu.kmk/Book_OP_04_OA_25/Les2/Pic/1646230482.jpg]
[srvdata2.asuedu.kmk/Book_OP_04_OA_25/Les2/Pic/1_1646230482.jpg]
[srvdata2.asuedu.kmk/Book_OP_04_OA_25/Les2/Pic/2_1646230482.jpg]
[srvdata2.asuedu.kmk/Book_OP_04_OA_25/Les2/Pic/3_1646230482.jpg]
[srvdata2.asuedu.kmk/Book_OP_04_OA_25/Les2/Pic/4_1646230482.jpg]
[srvdata2.asuedu.kmk/Book_OP_04_OA_25/Les2/Pic/5_1646230482.jpg]
[srvdata2.asuedu.kmk/Book_OP_04_OA_25/Les2/Pic/6_1646230482.jpg]
[srvdata2.asuedu.kmk/Book_OP_04_OA_25/Les2/Pic/7_1646230482.jpg]
[srvdata2.asuedu.kmk/Book_OP_04_OA_25/Les2/Pic/8_1646230482.jpg]
[srvdata2.asuedu.kmk/Book_OP_04_OA_25/Les2/5.htm]
[srvdata2.asuedu.kmk/Book_OP_04_OA_25/Les2/menu-leaf.gif]
[srvdata2.asuedu.kmk/Book_OP_04_OA_25/Les2/01_01.gif]
[srvdata2.asuedu.kmk/Book_OP_04_OA_25/Les2/11.htm]
[srvdata2.asuedu.kmk/Book_OP_04_OA_25/Les2/vscodeopenfolder.png]
[srvdata2.asuedu.kmk/Book_OP_04_OA_25/Les2/dotnetnew.png]
[srvdata2.asuedu.kmk/Book_OP_04_OA_25/Les2/dotnetrestore.png]
[srvdata2.asuedu.kmk/Book_OP_04_OA_25/Les2/dotnetrun.png]
[srvdata2.asuedu.kmk/Book_OP_04_OA_25/Les2/opencs.png]
[srvdata2.asuedu.kmk/Book_OP_04_OA_25/Les2/missing-assets.png]
[srvdata2.asuedu.kmk/Book_OP_04_OA_25/Les2/opendebug.png]
[srvdata2.asuedu.kmk/Book_OP_04_OA_25/Les2/selectcore.png]
[srvdata2.asuedu.kmk/Book_OP_04_OA_25/Les2/setbreakpoint.png]
[srvdata2.asuedu.kmk/Book_OP_04_OA_25/Les2/rundebug.png]
[srvdata2.asuedu.kmk/Book_OP_04_OA_25/Les2/7.htm]
[srvdata2.asuedu.kmk/Book_OP_04_OA_25/Les2/8.htm]
[srvdata2.asuedu.kmk/Book_OP_04_OA_25/Les3/Pic/Img3-1.png]
[srvdata2.asuedu.kmk/Book_OP_04_OA_25/Les3/Pic/Img3-2.png]
[srvdata2.asuedu.kmk/Book_OP_04_OA_25/Les3/Pic/Img3-3.png]
[srvdata2.asuedu.kmk/Book_OP_04_OA_25/Les3/Pic/Img3-4.png]
[srvdata2.asuedu.kmk/Book_OP_04_OA_25/Les3/Pic/Img3-5.png]
[srvdata2.asuedu.kmk/Book_OP_04_OA_25/Les3/Pic/Img3-6.png]
[srvdata2.asuedu.kmk/Book_OP_04_OA_25/Les3/Pic/Img3-7.png]
[srvdata2.asuedu.kmk/Book_OP_04_OA_25/Les3/Pic/Img3-8.png]
[srvdata2.asuedu.kmk/Book_OP_04_OA_25/Les3/Pic/Img3-9.png]
[srvdata2.asuedu.kmk/Book_OP_04_OA_25/Les3/1.htm]
[srvdata2.asuedu.kmk/Book_OP_04_OA_25/Les3/Pic/Img3-11.png]
[srvdata2.asuedu.kmk/Book_OP_04_OA_25/Les3/Pic/Img3-12.png]
[srvdata2.asuedu.kmk/Book_OP_04_OA_25/Les3/Pic/Img3-13.png]
[srvdata2.asuedu.kmk/Book_OP_04_OA_25/Les3/Pic/Img3-10.png]
[srvdata2.asuedu.kmk/Book_OP_04_OA_25/Les3/Pic/retina-46380f18366864ddf29b317b2193d831.png]
[srvdata2.asuedu.kmk/Book_OP_04_OA_25/Les3/Pic/s1AxMhJm5TUiAg-kTkXoCBNLTjjKbRGB-hGrLGSF6j8oHkqyT-bMe6f4PT_P5AVkaCy3GBX7neDBxZZQeVGNlsHbY6ULR0YAzzFHueQ4UFCKWsXjfpMIy3BVU731RTN2ekLLI7w.png]
[srvdata2.asuedu.kmk/Book_OP_04_OA_25/Les3/Pic/retina-272e55ae74b3f3127c2c43a50dcac45f.png]
[srvdata2.asuedu.kmk/Book_OP_04_OA_25/Les3/2.htm]
[srvdata2.asuedu.kmk/Book_OP_04_OA_25/Les3/3.htm]
[srvdata2.asuedu.kmk/Book_OP_04_OA_25/Les3/structura.files/Str_Prg.gif]
[srvdata2.asuedu.kmk/Book_OP_04_OA_25/Les3/4.htm]
[srvdata2.asuedu.kmk/Book_OP_04_OA_25/Les3/Pic/Img3-14.png]
[srvdata2.asuedu.kmk/Book_OP_04_OA_25/Les3/5.htm]
[srvdata2.asuedu.kmk/Book_OP_04_OA_25/Les3/Pic/code1.png]
[srvdata2.asuedu.kmk/Book_OP_04_OA_25/Les3/Pic/code2.png]
[srvdata2.asuedu.kmk/Book_OP_04_OA_25/Les3/Pic/code3.png]
[srvdata2.asuedu.kmk/Book_OP_04_OA_25/Les3/Pic/code4.png]
[srvdata2.asuedu.kmk/Book_OP_04_OA_25/Les3/Pic/code5.png]
[srvdata2.asuedu.kmk/Book_OP_04_OA_25/Les3/Pic/code6.png]
[srvdata2.asuedu.kmk/Book_OP_04_OA_25/Les3/Pic/code7.png]
[srvdata2.asuedu.kmk/Book_OP_04_OA_25/Les3/Pic/code8.png]
[srvdata2.asuedu.kmk/Book_OP_04_OA_25/Les3/Pic/code9.png]
[srvdata2.asuedu.kmk/Book_OP_04_OA_25/Les3/Pic/code10.png]
[srvdata2.asuedu.kmk/Book_OP_04_OA_25/Les3/Pic/code11.png]
[srvdata2.asuedu.kmk/Book_OP_04_OA_25/Les3/6.htm]
[srvdata2.asuedu.kmk/Book_OP_04_OA_25/Les3/Pic/point-demonstration-CSharp.png]
[srvdata2.asuedu.kmk/Book_OP_04_OA_25/Les3/7.htm]
[srvdata2.asuedu.kmk/Book_OP_04_OA_25/Les3/Pic/Img3-71.png]
[srvdata2.asuedu.kmk/Book_OP_04_OA_25/Les3/8.htm]
[srvdata2.asuedu.kmk/Book_OP_04_OA_25/Les3/Pic/slide-56.jpg]
[srvdata2.asuedu.kmk/Book_OP_04_OA_25/Les3/9.htm]
[srvdata2.asuedu.kmk/Book_OP_04_OA_25/Les3/10.htm]
[srvdata2.asuedu.kmk/Book_OP_04_OA_25/Les4/Pic/img-4-1.png]
[srvdata2.asuedu.kmk/Book_OP_04_OA_25/Les4/1.htm]
[srvdata2.asuedu.kmk/Book_OP_04_OA_25/Les4/Pic/img-4-2.png]
[srvdata2.asuedu.kmk/Book_OP_04_OA_25/Les4/Pic/img-4-3.png]
[srvdata2.asuedu.kmk/Book_OP_04_OA_25/Les4/Pic/img-4-4.png]
[srvdata2.asuedu.kmk/Book_OP_04_OA_25/Les4/2.htm]
[srvdata2.asuedu.kmk/Book_OP_04_OA_25/Les4/Pic/img-4-5.png]
[srvdata2.asuedu.kmk/Book_OP_04_OA_25/Les4/3.htm]
[srvdata2.asuedu.kmk/Book_OP_04_OA_25/Les4/Pic/0015.gif]
[srvdata2.asuedu.kmk/Book_OP_04_OA_25/Les4/Pic/0016.gif]
[srvdata2.asuedu.kmk/Book_OP_04_OA_25/Les4/Pic/0017.gif]
[srvdata2.asuedu.kmk/Book_OP_04_OA_25/Les4/Pic/0018.gif]
[srvdata2.asuedu.kmk/Book_OP_04_OA_25/Les4/Pic/0019.gif]
[srvdata2.asuedu.kmk/Book_OP_04_OA_25/Les4/Pic/0020.gif]
[srvdata2.asuedu.kmk/Book_OP_04_OA_25/Les4/Pic/0021.gif]
[srvdata2.asuedu.kmk/Book_OP_04_OA_25/Les4/Pic/0022.gif]
[srvdata2.asuedu.kmk/Book_OP_04_OA_25/Les4/Pic/0023.gif]
[srvdata2.asuedu.kmk/Book_OP_04_OA_25/Les4/Pic/0024.gif]
[srvdata2.asuedu.kmk/Book_OP_04_OA_25/Les4/Pic/0025.gif]
[srvdata2.asuedu.kmk/Book_OP_04_OA_25/Les4/Pic/0026.gif]
[srvdata2.asuedu.kmk/Book_OP_04_OA_25/Les4/Pic/0027.gif]
[srvdata2.asuedu.kmk/Book_OP_04_OA_25/Les4/4.htm]
[srvdata2.asuedu.kmk/Book_OP_04_OA_25/Les4/Pic/ris1.png]
[srvdata2.asuedu.kmk/Book_OP_04_OA_25/Les4/Pic/ris2.png]
[srvdata2.asuedu.kmk/Book_OP_04_OA_25/Les4/Pic/ris3.png]
[srvdata2.asuedu.kmk/Book_OP_04_OA_25/Les4/Pic/ris4.png]
[srvdata2.asuedu.kmk/Book_OP_04_OA_25/Les4/Pic/ris5.png]
[srvdata2.asuedu.kmk/Book_OP_04_OA_25/Les4/Pic/ris6.png]
[srvdata2.asuedu.kmk/Book_OP_04_OA_25/Les4/Pic/ris7.png]
[srvdata2.asuedu.kmk/Book_OP_04_OA_25/Les4/5.htm]
[srvdata2.asuedu.kmk/Book_OP_04_OA_25/Les4/6.htm]
[srvdata2.asuedu.kmk/Book_OP_04_OA_25/Les4/7.htm]
[srvdata2.asuedu.kmk/Book_OP_04_OA_25/Les4/8.htm]
[srvdata2.asuedu.kmk/Book_OP_04_OA_25/Les4/9.htm]
[srvdata2.asuedu.kmk/Book_OP_04_OA_25/Les4/100.htm]
[srvdata2.asuedu.kmk/Book_OP_04_OA_25/Les4/111.htm]
[srvdata2.asuedu.kmk/Book_OP_04_OA_25/Les150/1.htm]
[srvdata2.asuedu.kmk/Book_OP_04_OA_25/Les150/2.htm]
[srvdata2.asuedu.kmk/Book_OP_04_OA_25/Les150/4.htm]
[srvdata2.asuedu.kmk/Book_OP_04_OA_25/Les150/5.htm]
[srvdata2.asuedu.kmk/Book_OP_04_OA_25/Les150/Pz23.htm]
[srvdata2.asuedu.kmk/Book_OP_04_OA_25/Les500/1.htm]
[srvdata2.asuedu.kmk/Book_OP_04_OA_25/Les500/Pic/21.png]
[srvdata2.asuedu.kmk/Book_OP_04_OA_25/Les500/Pic/22.png]
[srvdata2.asuedu.kmk/Book_OP_04_OA_25/Les500/Pic/23.png]
[srvdata2.asuedu.kmk/Book_OP_04_OA_25/Les500/Pic/24.png]
[srvdata2.asuedu.kmk/Book_OP_04_OA_25/Les500/Pic/25.png]
[srvdata2.asuedu.kmk/Book_OP_04_OA_25/Les500/Pic/26.png]
[srvdata2.asuedu.kmk/Book_OP_04_OA_25/Les500/2.htm]
[srvdata2.asuedu.kmk/Book_OP_04_OA_25/Les500/Pic/37.png]
[srvdata2.asuedu.kmk/Book_OP_04_OA_25/Les500/Pic/38.png]
[srvdata2.asuedu.kmk/Book_OP_04_OA_25/Les500/Pic/39.png]
[srvdata2.asuedu.kmk/Book_OP_04_OA_25/Les500/Pic/310.png]
[srvdata2.asuedu.kmk/Book_OP_04_OA_25/Les500/Pic/311.png]
[srvdata2.asuedu.kmk/Book_OP_04_OA_25/Les500/3.htm]
[srvdata2.asuedu.kmk/Book_OP_04_OA_25/Les500/Pic/312.png]
[srvdata2.asuedu.kmk/Book_OP_04_OA_25/Les500/Pic/types_6.png]
[srvdata2.asuedu.kmk/Book_OP_04_OA_25/Les500/Pic/types_7.png]
[srvdata2.asuedu.kmk/Book_OP_04_OA_25/Les500/4.htm]
[srvdata2.asuedu.kmk/Book_OP_04_OA_25/Les500/Pic/types_8.png]
[srvdata2.asuedu.kmk/Book_OP_04_OA_25/Les500/Pic/513.png]
[srvdata2.asuedu.kmk/Book_OP_04_OA_25/Les500/Pic/514.png]
[srvdata2.asuedu.kmk/Book_OP_04_OA_25/Les500/Pic/515.png]
[srvdata2.asuedu.kmk/Book_OP_04_OA_25/Les500/Pic/516.png]
[srvdata2.asuedu.kmk/Book_OP_04_OA_25/Les500/Pic/517.png]
[srvdata2.asuedu.kmk/Book_OP_04_OA_25/Les500/Pic/518.png]
[srvdata2.asuedu.kmk/Book_OP_04_OA_25/Les500/5.htm]
[srvdata2.asuedu.kmk/Book_OP_04_OA_25/Les500/Pic/519.png]
[srvdata2.asuedu.kmk/Book_OP_04_OA_25/Les500/Pic/620.png]
[srvdata2.asuedu.kmk/Book_OP_04_OA_25/Les500/Pic/621.png]
[srvdata2.asuedu.kmk/Book_OP_04_OA_25/Les500/Pic/622.png]
[srvdata2.asuedu.kmk/Book_OP_04_OA_25/Les500/Pic/623.png]
[srvdata2.asuedu.kmk/Book_OP_04_OA_25/Les500/Pic/624.png]
[srvdata2.asuedu.kmk/Book_OP_04_OA_25/Les500/6.htm]
[srvdata2.asuedu.kmk/Book_OP_04_OA_25/Les500/7.htm]
[srvdata2.asuedu.kmk/Book_OP_04_OA_25/LES8/Pic/P1.png]
[srvdata2.asuedu.kmk/Book_OP_04_OA_25/LES8/Pic/P2.png]
[srvdata2.asuedu.kmk/Book_OP_04_OA_25/LES8/Pic/c1.png]
[srvdata2.asuedu.kmk/Book_OP_04_OA_25/Les510/1.htm]
[srvdata2.asuedu.kmk/Book_OP_04_OA_25/LES8/Pic/TDCH.jpg]
[srvdata2.asuedu.kmk/Book_OP_04_OA_25/LES8/Pic/2.7.png]
[srvdata2.asuedu.kmk/Book_OP_04_OA_25/LES8/Pic/2.8.png]
[srvdata2.asuedu.kmk/Book_OP_04_OA_25/LES8/Pic/r2.9.png]
[srvdata2.asuedu.kmk/Book_OP_04_OA_25/LES8/Pic/r2.10.png]
[srvdata2.asuedu.kmk/Book_OP_04_OA_25/LES8/Pic/2.9.png]
[srvdata2.asuedu.kmk/Book_OP_04_OA_25/Les510/2.htm]
[srvdata2.asuedu.kmk/Book_OP_04_OA_25/Les510/3.htm]
[srvdata2.asuedu.kmk/Book_OP_04_OA_25/Les510/4.htm]
[srvdata2.asuedu.kmk/Book_OP_04_OA_25/Les510/5.htm]
[srvdata2.asuedu.kmk/Book_OP_04_OA_25/Les510/Pz23.htm]
[srvdata2.asuedu.kmk/Book_OP_04_OA_25/Les5/Pic/3.35.png]
[srvdata2.asuedu.kmk/Book_OP_04_OA_25/Les5/0.htm]
[srvdata2.asuedu.kmk/Book_OP_04_OA_25/Les5/image011.jpg]
[srvdata2.asuedu.kmk/Book_OP_04_OA_25/Les5/Pic/Heap.png]
[srvdata2.asuedu.kmk/Book_OP_04_OA_25/Les5/image04.jpg]
[srvdata2.asuedu.kmk/Book_OP_04_OA_25/Les5/image01.jpg]
[srvdata2.asuedu.kmk/Book_OP_04_OA_25/Les5/image03.jpg]
[srvdata2.asuedu.kmk/Book_OP_04_OA_25/Les5/image02.jpg]
[srvdata2.asuedu.kmk/Book_OP_04_OA_25/Les5/1.htm]
[srvdata2.asuedu.kmk/Book_OP_04_OA_25/Les5/Pic/znak.png]
[srvdata2.asuedu.kmk/Book_OP_04_OA_25/Les5/2.htm]
[srvdata2.asuedu.kmk/Book_OP_04_OA_25/Les5/3.htm]
[srvdata2.asuedu.kmk/Book_OP_04_OA_25/Les5/4.htm]
[srvdata2.asuedu.kmk/Book_OP_04_OA_25/Les5/5.htm]
[srvdata2.asuedu.kmk/Book_OP_04_OA_25/Les5/Типы_данных_Python.png]
[srvdata2.asuedu.kmk/Book_OP_04_OA_25/Les5/6.htm]
[srvdata2.asuedu.kmk/Book_OP_04_OA_25/Les5/img3092.png]
[srvdata2.asuedu.kmk/Book_OP_04_OA_25/Les5/Pic/TDCH.jpg]
[srvdata2.asuedu.kmk/Book_OP_04_OA_25/Les5/7.htm]
[srvdata2.asuedu.kmk/Book_OP_04_OA_25/Les5/img3095.png]
[srvdata2.asuedu.kmk/Book_OP_04_OA_25/Les5/img3096.png]
[srvdata2.asuedu.kmk/Book_OP_04_OA_25/Les5/8.htm]
[srvdata2.asuedu.kmk/Book_OP_04_OA_25/Les5/9.htm]
[srvdata2.asuedu.kmk/Book_OP_04_OA_25/Les5/Pic/03_01_02.gif]
[srvdata2.asuedu.kmk/Book_OP_04_OA_25/Les5/Pic/enter-number.png]
[srvdata2.asuedu.kmk/Book_OP_04_OA_25/Les5/Pic/enter-symbol.png]
[srvdata2.asuedu.kmk/Book_OP_04_OA_25/Les5/Pic/ASCII_Code_Chart.png]
[srvdata2.asuedu.kmk/Book_OP_04_OA_25/Les5/Pic/forward-information.png]
[srvdata2.asuedu.kmk/Book_OP_04_OA_25/Les5/10.htm]
[srvdata2.asuedu.kmk/Book_OP_04_OA_25/Les5/Pic/4f08e3dba63dc6d40b22952c7a9dac6d.png]
[srvdata2.asuedu.kmk/Book_OP_04_OA_25/Les5/11.htm]
[srvdata2.asuedu.kmk/Book_OP_04_OA_25/Les5/Pic/menu-leaf.gif]
[srvdata2.asuedu.kmk/Book_OP_04_OA_25/Les5/12.htm]
[srvdata2.asuedu.kmk/Book_OP_04_OA_25/Les5/13.htm]
[srvdata2.asuedu.kmk/Book_OP_04_OA_25/Les5/14.htm]
[srvdata2.asuedu.kmk/Book_OP_04_OA_25/Les5/15.htm]
[srvdata2.asuedu.kmk/Book_OP_04_OA_25/Les5/test.htm]
[srvdata2.asuedu.kmk/Book_OP_04_OA_25/Les6/Pic/img3091.png]
[srvdata2.asuedu.kmk/Book_OP_04_OA_25/Les6/Pic/KeyPyton.png]
[srvdata2.asuedu.kmk/Book_OP_04_OA_25/Les6/1.htm]
[srvdata2.asuedu.kmk/Book_OP_04_OA_25/Les6/2.2.png]
[srvdata2.asuedu.kmk/Book_OP_04_OA_25/Les6/2.htm]
[srvdata2.asuedu.kmk/Book_OP_04_OA_25/Les6/Pic/inizvar.png]
[srvdata2.asuedu.kmk/Book_OP_04_OA_25/Les6/3.htm]
[srvdata2.asuedu.kmk/Book_OP_04_OA_25/Les6/4.htm]
[srvdata2.asuedu.kmk/Book_OP_04_OA_25/Les6/Pic/camelCase-1.png]
[srvdata2.asuedu.kmk/Book_OP_04_OA_25/Les6/Pic/PascalCase-1.png]
[srvdata2.asuedu.kmk/Book_OP_04_OA_25/Les6/Pic/snake_case.png]
[srvdata2.asuedu.kmk/Book_OP_04_OA_25/Les6/Pic/SCREAMING_SNAKE_CASE.png]
[srvdata2.asuedu.kmk/Book_OP_04_OA_25/Les6/5.htm]
[srvdata2.asuedu.kmk/Book_OP_04_OA_25/Les6/6.htm]
[srvdata2.asuedu.kmk/Book_OP_04_OA_25/Les6/7.htm]
[srvdata2.asuedu.kmk/Book_OP_04_OA_25/Les6/8.htm]
[srvdata2.asuedu.kmk/Book_OP_04_OA_25/Les6/Pic/Tab1.jpg]
[srvdata2.asuedu.kmk/Book_OP_04_OA_25/Les6/9.htm]
[srvdata2.asuedu.kmk/Book_OP_04_OA_25/Les7/1.htm]
[srvdata2.asuedu.kmk/Book_OP_04_OA_25/Les7/Pic/ris1.png]
[srvdata2.asuedu.kmk/Book_OP_04_OA_25/Les7/Pic/ris2.png]
[srvdata2.asuedu.kmk/Book_OP_04_OA_25/Les7/2.htm]
[srvdata2.asuedu.kmk/Book_OP_04_OA_25/Les7/Pic/ris3.png]
[srvdata2.asuedu.kmk/Book_OP_04_OA_25/Les7/3.htm]
[srvdata2.asuedu.kmk/Book_OP_04_OA_25/Les7/4.htm]
[srvdata2.asuedu.kmk/Book_OP_04_OA_25/Les7/5.htm]
[srvdata2.asuedu.kmk/Book_OP_04_OA_25/Les7/6.htm]
[srvdata2.asuedu.kmk/Book_OP_04_OA_25/Les7/7.htm]
[srvdata2.asuedu.kmk/Book_OP_04_OA_25/Les7/8.htm]
[srvdata2.asuedu.kmk/Book_OP_04_OA_25/Les8/Pic/ris-1.png]
[srvdata2.asuedu.kmk/Book_OP_04_OA_25/Les8/Pic/ris-8-1.png]
[srvdata2.asuedu.kmk/Book_OP_04_OA_25/Les8/Pic/ris-8-8.png]
[srvdata2.asuedu.kmk/Book_OP_04_OA_25/Les8/1.htm]
[srvdata2.asuedu.kmk/Book_OP_04_OA_25/Les8/2.htm]
[srvdata2.asuedu.kmk/Book_OP_04_OA_25/Les8/3.htm]
[srvdata2.asuedu.kmk/Book_OP_04_OA_25/Les8/4.htm]
[srvdata2.asuedu.kmk/Book_OP_04_OA_25/Les8/5.htm]
[srvdata2.asuedu.kmk/Book_OP_04_OA_25/Les8/Pz23.htm]
[srvdata2.asuedu.kmk/Book_OP_04_OA_25/Les9/Pic/1_11-7.png]
[srvdata2.asuedu.kmk/Book_OP_04_OA_25/Les9/Pic/1-62.png]
[srvdata2.asuedu.kmk/Book_OP_04_OA_25/Les9/Pic/1_11-8-500x303.png]
[srvdata2.asuedu.kmk/Book_OP_04_OA_25/Les9/Pic/2-6-500x307.png]
[srvdata2.asuedu.kmk/Book_OP_04_OA_25/Les9/0.htm]
[srvdata2.asuedu.kmk/Book_OP_04_OA_25/Les9/Pic/2151.jpg]
[srvdata2.asuedu.kmk/Book_OP_04_OA_25/Les9/Pic/2152.jpg]
[srvdata2.asuedu.kmk/Book_OP_04_OA_25/Les9/1.htm]
[srvdata2.asuedu.kmk/Book_OP_04_OA_25/Les9/Pic/bg_bullet_full_1.gif]
[srvdata2.asuedu.kmk/Book_OP_04_OA_25/Les9/Pic/li.gif]
[srvdata2.asuedu.kmk/Book_OP_04_OA_25/Les9/Pic/new-1.png]
[srvdata2.asuedu.kmk/Book_OP_04_OA_25/Les9/2.htm]
[srvdata2.asuedu.kmk/Book_OP_04_OA_25/Les9/3.htm]
[srvdata2.asuedu.kmk/Book_OP_04_OA_25/Les9/4.htm]
[srvdata2.asuedu.kmk/Book_OP_04_OA_25/Les9/5.htm]
[srvdata2.asuedu.kmk/Book_OP_04_OA_25/Les9/8.htm]
[srvdata2.asuedu.kmk/Book_OP_04_OA_25/Les9/Pic/img25.jpg]
[srvdata2.asuedu.kmk/Book_OP_04_OA_25/Les9/7.htm]
[srvdata2.asuedu.kmk/Book_OP_04_OA_25/Les10/1.htm]
[srvdata2.asuedu.kmk/Book_OP_04_OA_25/Les10/2.htm]
[srvdata2.asuedu.kmk/Book_OP_04_OA_25/Les10/Горизонт.jpg]
[srvdata2.asuedu.kmk/Book_OP_04_OA_25/Les10/3.htm]
[srvdata2.asuedu.kmk/Book_OP_04_OA_25/Les10/4.htm]
[srvdata2.asuedu.kmk/Book_OP_04_OA_25/Les10/5.htm]
[srvdata2.asuedu.kmk/Book_OP_04_OA_25/Les10/6.htm]
[srvdata2.asuedu.kmk/Book_OP_04_OA_25/Les10/01_02_02_01_07_formula_r-300x154.jpg]
[srvdata2.asuedu.kmk/Book_OP_04_OA_25/Les10/7.htm]
[srvdata2.asuedu.kmk/Book_OP_04_OA_25/Les10/8.htm]
[srvdata2.asuedu.kmk/Book_OP_04_OA_25/Les10/9.htm]
[srvdata2.asuedu.kmk/Book_OP_04_OA_25/Les10/10.htm]
[srvdata2.asuedu.kmk/Book_OP_04_OA_25/Les11/Pic/1-2.png]
[srvdata2.asuedu.kmk/Book_OP_04_OA_25/Les11/Pic/1.jpg]
[srvdata2.asuedu.kmk/Book_OP_04_OA_25/Les11/1.htm]
[srvdata2.asuedu.kmk/Book_OP_04_OA_25/Les11/Pic/r-41-4.png]
[srvdata2.asuedu.kmk/Book_OP_04_OA_25/Les11/Pic/r-41-5.png]
[srvdata2.asuedu.kmk/Book_OP_04_OA_25/Les11/Pic/r-41-6.png]
[srvdata2.asuedu.kmk/Book_OP_04_OA_25/Les11/2.htm]
[srvdata2.asuedu.kmk/Book_OP_04_OA_25/Les11/3.htm]
[srvdata2.asuedu.kmk/Book_OP_04_OA_25/Les11/4.htm]
[srvdata2.asuedu.kmk/Book_OP_04_OA_25/Les11/Pic/04_01_01.png]
[srvdata2.asuedu.kmk/Book_OP_04_OA_25/Les11/Pic/formula1.jpg]
[srvdata2.asuedu.kmk/Book_OP_04_OA_25/Les11/Pic/formula3.jpg]
[srvdata2.asuedu.kmk/Book_OP_04_OA_25/Les11/Pic/formula4.jpg]
[srvdata2.asuedu.kmk/Book_OP_04_OA_25/Les11/Pic/formula2.jpg]
[srvdata2.asuedu.kmk/Book_OP_04_OA_25/Les11/5.htm]
[srvdata2.asuedu.kmk/Book_OP_04_OA_25/Les11/6.htm]
[srvdata2.asuedu.kmk/Book_OP_04_OA_25/Les11/7.htm]
[srvdata2.asuedu.kmk/Book_OP_04_OA_25/Les12/1.htm]
[srvdata2.asuedu.kmk/Book_OP_04_OA_25/Les12/2.htm]
[srvdata2.asuedu.kmk/Book_OP_04_OA_25/Les12/Pic/r-12-3.png]
[srvdata2.asuedu.kmk/Book_OP_04_OA_25/Les12/3.htm]
[srvdata2.asuedu.kmk/Book_OP_04_OA_25/Les12/Pic/r-12-2.png]
[srvdata2.asuedu.kmk/Book_OP_04_OA_25/Les12/Pic/r-12-1.png]
[srvdata2.asuedu.kmk/Book_OP_04_OA_25/Les12/4.htm]
[srvdata2.asuedu.kmk/Book_OP_04_OA_25/Les12/5.htm]
[srvdata2.asuedu.kmk/Book_OP_04_OA_25/Les13/1-26.png]
[srvdata2.asuedu.kmk/Book_OP_04_OA_25/Les13/2-5-500x101.png]
[srvdata2.asuedu.kmk/Book_OP_04_OA_25/Les13/Pic/1_11-10-500x108.png]
[srvdata2.asuedu.kmk/Book_OP_04_OA_25/Les13/Pic/1_1-12-500x352.png]
[srvdata2.asuedu.kmk/Book_OP_04_OA_25/Les13/Pic/1-33-500x327.png]
[srvdata2.asuedu.kmk/Book_OP_04_OA_25/Les13/1.htm]
[srvdata2.asuedu.kmk/Book_OP_04_OA_25/Les13/Pic/r-13-2.png]
[srvdata2.asuedu.kmk/Book_OP_04_OA_25/Les13/Pic/r-13-3.png]
[srvdata2.asuedu.kmk/Book_OP_04_OA_25/Les13/2.htm]
[srvdata2.asuedu.kmk/Book_OP_04_OA_25/Les13/3.htm]
[srvdata2.asuedu.kmk/Book_OP_04_OA_25/Les13/4.htm]
[srvdata2.asuedu.kmk/Book_OP_04_OA_25/Les14/Pic/array.png]
[srvdata2.asuedu.kmk/Book_OP_04_OA_25/Les14/1.htm]
[srvdata2.asuedu.kmk/Book_OP_04_OA_25/Les14/Pic/1-56-500x96.png]
[srvdata2.asuedu.kmk/Book_OP_04_OA_25/Les14/Pic/1_1-15-500x65.png]
[srvdata2.asuedu.kmk/Book_OP_04_OA_25/Les14/Pic/2-4-500x207.png]
[srvdata2.asuedu.kmk/Book_OP_04_OA_25/Les14/Pic/3-500x193.png]
[srvdata2.asuedu.kmk/Book_OP_04_OA_25/Les14/2.htm]
[srvdata2.asuedu.kmk/Book_OP_04_OA_25/Les14/Pic/img1.jpg]
[srvdata2.asuedu.kmk/Book_OP_04_OA_25/Les14/Pic/img4.jpg]
[srvdata2.asuedu.kmk/Book_OP_04_OA_25/Les14/Pic/array 1.png]
[srvdata2.asuedu.kmk/Book_OP_04_OA_25/Les14/Pic/array 2.png]
[srvdata2.asuedu.kmk/Book_OP_04_OA_25/Les14/3.htm]
[srvdata2.asuedu.kmk/Book_OP_04_OA_25/Les14/Pic/Puthon2.jpg]
[srvdata2.asuedu.kmk/Book_OP_04_OA_25/Les14/Pic/Puthon1.jpg]
[srvdata2.asuedu.kmk/Book_OP_04_OA_25/Les14/Pic/Puthon4.jpg]
[srvdata2.asuedu.kmk/Book_OP_04_OA_25/Les14/Pic/1-6.png]
[srvdata2.asuedu.kmk/Book_OP_04_OA_25/Les14/4.htm]
[srvdata2.asuedu.kmk/Book_OP_04_OA_25/Les14/Pic/1-36-500x311.png]
[srvdata2.asuedu.kmk/Book_OP_04_OA_25/Les14/Pic/1.png]
[srvdata2.asuedu.kmk/Book_OP_04_OA_25/Les14/Pic/1_1-15-500x146.png]
[srvdata2.asuedu.kmk/Book_OP_04_OA_25/Les14/Pic/1_11-13-500x101.png]
[srvdata2.asuedu.kmk/Book_OP_04_OA_25/Les14/Pic/2-7-500x216.png]
[srvdata2.asuedu.kmk/Book_OP_04_OA_25/Les14/5.htm]
[srvdata2.asuedu.kmk/Book_OP_04_OA_25/Les14/6.htm]
[srvdata2.asuedu.kmk/Book_OP_04_OA_25/Les14/7.htm]
[srvdata2.asuedu.kmk/Book_OP_04_OA_25/Les14/8.htm]
[srvdata2.asuedu.kmk/Book_OP_04_OA_25/Les14/9.htm]
[srvdata2.asuedu.kmk/Book_OP_04_OA_25/Les15/1.htm]
[srvdata2.asuedu.kmk/Book_OP_04_OA_25/Les15/Pic/r-15-1.png]
[srvdata2.asuedu.kmk/Book_OP_04_OA_25/Les15/Pic/r-15-2.png]
[srvdata2.asuedu.kmk/Book_OP_04_OA_25/Les15/Pic/r-15-3.png]
[srvdata2.asuedu.kmk/Book_OP_04_OA_25/Les15/Pic/r-15-4.png]
[srvdata2.asuedu.kmk/Book_OP_04_OA_25/Les15/Pic/r-15-5.png]
[srvdata2.asuedu.kmk/Book_OP_04_OA_25/Les15/Pic/r-15-6.png]
[srvdata2.asuedu.kmk/Book_OP_04_OA_25/Les15/Pic/r-15-7.png]
[srvdata2.asuedu.kmk/Book_OP_04_OA_25/Les15/Pic/r-15-8.png]
[srvdata2.asuedu.kmk/Book_OP_04_OA_25/Les15/Pic/r-15-9.png]
[srvdata2.asuedu.kmk/Book_OP_04_OA_25/Les15/Pic/r-15-10.png]
[srvdata2.asuedu.kmk/Book_OP_04_OA_25/Les15/Pic/r-15-11.png]
[srvdata2.asuedu.kmk/Book_OP_04_OA_25/Les15/Pic/r-15-12.png]
[srvdata2.asuedu.kmk/Book_OP_04_OA_25/Les15/Pic/r-15-13.png]
[srvdata2.asuedu.kmk/Book_OP_04_OA_25/Les15/Pic/r-15-15.png]
[srvdata2.asuedu.kmk/Book_OP_04_OA_25/Les15/Pic/r-15-16.png]
[srvdata2.asuedu.kmk/Book_OP_04_OA_25/Les15/2.htm]
[srvdata2.asuedu.kmk/Book_OP_04_OA_25/Les15/Pic/r-15-17.png]
[srvdata2.asuedu.kmk/Book_OP_04_OA_25/Les15/Pic/r-15-18.png]
[srvdata2.asuedu.kmk/Book_OP_04_OA_25/Les15/Pic/r-15-20.png]
[srvdata2.asuedu.kmk/Book_OP_04_OA_25/Les15/Pic/r-15-21.png]
[srvdata2.asuedu.kmk/Book_OP_04_OA_25/Les15/Pic/r-15-22.png]
[srvdata2.asuedu.kmk/Book_OP_04_OA_25/Les15/Pic/r-15-23.png]
[srvdata2.asuedu.kmk/Book_OP_04_OA_25/Les15/Pic/r-15-24.png]
[srvdata2.asuedu.kmk/Book_OP_04_OA_25/Les15/3.htm]
[srvdata2.asuedu.kmk/Book_OP_04_OA_25/Les15/Pic/r-6-2.png]
[srvdata2.asuedu.kmk/Book_OP_04_OA_25/Les15/Pic/r-6-3.png]
[srvdata2.asuedu.kmk/Book_OP_04_OA_25/Les15/Pic/r-6-4.png]
[srvdata2.asuedu.kmk/Book_OP_04_OA_25/Les15/Pic/r-6-5.png]
[srvdata2.asuedu.kmk/Book_OP_04_OA_25/Les15/Pic/r-6-6.png]
[srvdata2.asuedu.kmk/Book_OP_04_OA_25/Les15/Pic/r-6-7.png]
[srvdata2.asuedu.kmk/Book_OP_04_OA_25/Les15/Pic/r-6-8.png]
[srvdata2.asuedu.kmk/Book_OP_04_OA_25/Les15/Pic/r-6-9.png]
[srvdata2.asuedu.kmk/Book_OP_04_OA_25/Les15/Pic/r-6-10.png]
[srvdata2.asuedu.kmk/Book_OP_04_OA_25/Les15/Pic/r-6-11.png]
[srvdata2.asuedu.kmk/Book_OP_04_OA_25/Les15/4.htm]
[srvdata2.asuedu.kmk/Book_OP_04_OA_25/Les15/Pic/bubble.png]
[srvdata2.asuedu.kmk/Book_OP_04_OA_25/Les15/5.htm]
[srvdata2.asuedu.kmk/Book_OP_04_OA_25/Les15/6.htm]
[srvdata2.asuedu.kmk/Book_OP_04_OA_25/Les16/Pic/r-16-1.png]
[srvdata2.asuedu.kmk/Book_OP_04_OA_25/Les16/Pic/r-16-2.png]
[srvdata2.asuedu.kmk/Book_OP_04_OA_25/Les16/Pic/r-16-3.png]
[srvdata2.asuedu.kmk/Book_OP_04_OA_25/Les16/Pic/r-16-4.png]
[srvdata2.asuedu.kmk/Book_OP_04_OA_25/Les16/Pic/r-16-5.png]
[srvdata2.asuedu.kmk/Book_OP_04_OA_25/Les16/1.htm]
[srvdata2.asuedu.kmk/Book_OP_04_OA_25/Les16/matrix_mult.png]
[srvdata2.asuedu.kmk/Book_OP_04_OA_25/Les16/2.htm]
[srvdata2.asuedu.kmk/Book_OP_04_OA_25/Les16/Pic/r-16-9.png]
[srvdata2.asuedu.kmk/Book_OP_04_OA_25/Les16/3.htm]
[srvdata2.asuedu.kmk/Book_OP_04_OA_25/Les16/Pic/r-16-10.png]
[srvdata2.asuedu.kmk/Book_OP_04_OA_25/Les16/Pic/Random_Diff_Array.png]
[srvdata2.asuedu.kmk/Book_OP_04_OA_25/Les16/4.htm]
[srvdata2.asuedu.kmk/Book_OP_04_OA_25/Les16/5.htm]
[srvdata2.asuedu.kmk/Book_OP_04_OA_25/Les16/Pic/ResVad.png]
[srvdata2.asuedu.kmk/Book_OP_04_OA_25/Les16/6.htm]
[srvdata2.asuedu.kmk/Book_OP_04_OA_25/Les17/Pic/r-17-1.jpg]
[srvdata2.asuedu.kmk/Book_OP_04_OA_25/Les17/Pic/2r-17-1.jpg]
[srvdata2.asuedu.kmk/Book_OP_04_OA_25/Les17/Pic/r-17-3.jpg]
[srvdata2.asuedu.kmk/Book_OP_04_OA_25/Les17/1.htm]
[srvdata2.asuedu.kmk/Book_OP_04_OA_25/Les17/Pic/Unicode.jpg]
[srvdata2.asuedu.kmk/Book_OP_04_OA_25/Les17/2.htm]
[srvdata2.asuedu.kmk/Book_OP_04_OA_25/Les17/3.htm]
[srvdata2.asuedu.kmk/Book_OP_04_OA_25/Les17/4.htm]
[srvdata2.asuedu.kmk/Book_OP_04_OA_25/Les17/5.htm]
[srvdata2.asuedu.kmk/Book_OP_04_OA_25/Les17/6.htm]
[srvdata2.asuedu.kmk/Book_OP_04_OA_25/Les17/7.htm]
[srvdata2.asuedu.kmk/Book_OP_04_OA_25/Les17/8.htm]
[srvdata2.asuedu.kmk/Book_OP_04_OA_25/Les17/9.htm]
[srvdata2.asuedu.kmk/Book_OP_04_OA_25/Les18/Pic/R-18-1-1.jpg]
[srvdata2.asuedu.kmk/Book_OP_04_OA_25/Les18/Pic/R-18-1-2.jpg]
[srvdata2.asuedu.kmk/Book_OP_04_OA_25/Les18/pic/per_mn.gif]
[srvdata2.asuedu.kmk/Book_OP_04_OA_25/Les18/pic/ob_mn.gif]
[srvdata2.asuedu.kmk/Book_OP_04_OA_25/Les18/pic/r_mn.gif]
[srvdata2.asuedu.kmk/Book_OP_04_OA_25/Les18/1.htm]
[srvdata2.asuedu.kmk/Book_OP_04_OA_25/Les18/Pic/set_operations.png]
[srvdata2.asuedu.kmk/Book_OP_04_OA_25/Les18/2.htm]
[srvdata2.asuedu.kmk/Book_OP_04_OA_25/Les18/3.htm]
[srvdata2.asuedu.kmk/Book_OP_04_OA_25/Les18/Pic/data_structures_031.jpg]
[srvdata2.asuedu.kmk/Book_OP_04_OA_25/Les18/Pic/data_structures_032.jpg]
[srvdata2.asuedu.kmk/Book_OP_04_OA_25/Les18/Pic/data_structures_033.jpg]
[srvdata2.asuedu.kmk/Book_OP_04_OA_25/Les18/Pic/data_structures_034.jpg]
[srvdata2.asuedu.kmk/Book_OP_04_OA_25/Les18/Pic/data_structures_035.jpg]
[srvdata2.asuedu.kmk/Book_OP_04_OA_25/Les18/4.htm]
[srvdata2.asuedu.kmk/Book_OP_04_OA_25/Les18/5.htm]
[srvdata2.asuedu.kmk/Book_OP_04_OA_25/Les18/6.htm]
[srvdata2.asuedu.kmk/Book_OP_04_OA_25/Les18/Pic/r-7-1.png]
[srvdata2.asuedu.kmk/Book_OP_04_OA_25/Les18/Pic/r-7-2.png]
[srvdata2.asuedu.kmk/Book_OP_04_OA_25/Les18/Pic/r-7-3.png]
[srvdata2.asuedu.kmk/Book_OP_04_OA_25/Les18/Pic/r-7-4.png]
[srvdata2.asuedu.kmk/Book_OP_04_OA_25/Les18/7.htm]
[srvdata2.asuedu.kmk/Book_OP_04_OA_25/Les18/Pic/r-18-1.png]
[srvdata2.asuedu.kmk/Book_OP_04_OA_25/Les18/8.htm]
[srvdata2.asuedu.kmk/Book_OP_04_OA_25/Les19/set_operations.png]
[srvdata2.asuedu.kmk/Book_OP_04_OA_25/Les19/1.htm]
[srvdata2.asuedu.kmk/Book_OP_04_OA_25/Les19/Pic/02.gif]
[srvdata2.asuedu.kmk/Book_OP_04_OA_25/Les19/Pic/14.gif]
[srvdata2.asuedu.kmk/Book_OP_04_OA_25/Les19/Pic/13.gif]
[srvdata2.asuedu.kmk/Book_OP_04_OA_25/Les19/2.htm]
[srvdata2.asuedu.kmk/Book_OP_04_OA_25/Les19/Pic/Zad23.png]
[srvdata2.asuedu.kmk/Book_OP_04_OA_25/Les19/Pic/eq119m.gif]
[srvdata2.asuedu.kmk/Book_OP_04_OA_25/Les19/Pic/eq121m.gif]
[srvdata2.asuedu.kmk/Book_OP_04_OA_25/Les19/Pic/eq122m.gif]
[srvdata2.asuedu.kmk/Book_OP_04_OA_25/Les19/Pic/eq123m.gif]
[srvdata2.asuedu.kmk/Book_OP_04_OA_25/Les19/Pic/eq124m.gif]
[srvdata2.asuedu.kmk/Book_OP_04_OA_25/Les19/Pic/eq125m.gif]
[srvdata2.asuedu.kmk/Book_OP_04_OA_25/Les19/Pic/eq126m.gif]
[srvdata2.asuedu.kmk/Book_OP_04_OA_25/Les19/Pic/jpg41c_0_.jpeg]
[srvdata2.asuedu.kmk/Book_OP_04_OA_25/Les19/Pic/jpg41d_0_.jpeg]
[srvdata2.asuedu.kmk/Book_OP_04_OA_25/Les19/Pic/eq127m.gif]
[srvdata2.asuedu.kmk/Book_OP_04_OA_25/Les19/Pic/jpg41e_0_.jpeg]
[srvdata2.asuedu.kmk/Book_OP_04_OA_25/Les19/Pic/eq128m.gif]
[srvdata2.asuedu.kmk/Book_OP_04_OA_25/Les19/Pic/jpg41f_0_.jpeg]
[srvdata2.asuedu.kmk/Book_OP_04_OA_25/Les19/Pic/jpg420_0_.jpeg]
[srvdata2.asuedu.kmk/Book_OP_04_OA_25/Les19/Pic/jpg421_0_.jpeg]
[srvdata2.asuedu.kmk/Book_OP_04_OA_25/Les19/Pic/jpg423_0_.jpeg]
[srvdata2.asuedu.kmk/Book_OP_04_OA_25/Les19/Pic/eq129m.gif]
[srvdata2.asuedu.kmk/Book_OP_04_OA_25/Les19/Pic/jpg428_0_.jpeg]
[srvdata2.asuedu.kmk/Book_OP_04_OA_25/Les19/Pic/eq130m.gif]
[srvdata2.asuedu.kmk/Book_OP_04_OA_25/Les19/Pic/eq131m.gif]
[srvdata2.asuedu.kmk/Book_OP_04_OA_25/Les19/Pic/eq132m.gif]
[srvdata2.asuedu.kmk/Book_OP_04_OA_25/Les19/Pic/eq133m.gif]
[srvdata2.asuedu.kmk/Book_OP_04_OA_25/Les19/Pic/eq134m.gif]
[srvdata2.asuedu.kmk/Book_OP_04_OA_25/Les19/Pic/eq135m.gif]
[srvdata2.asuedu.kmk/Book_OP_04_OA_25/Les19/Pic/eq136m.gif]
[srvdata2.asuedu.kmk/Book_OP_04_OA_25/Les19/Pic/eq137m.gif]
[srvdata2.asuedu.kmk/Book_OP_04_OA_25/Les19/Pic/eq138m.gif]
[srvdata2.asuedu.kmk/Book_OP_04_OA_25/Les19/Pic/eq139m.gif]
[srvdata2.asuedu.kmk/Book_OP_04_OA_25/Les19/Pic/eq140m.gif]
[srvdata2.asuedu.kmk/Book_OP_04_OA_25/Les19/Pic/eq141m.gif]
[srvdata2.asuedu.kmk/Book_OP_04_OA_25/Les19/Pic/eq142m.gif]
[srvdata2.asuedu.kmk/Book_OP_04_OA_25/Les19/Pic/eq143m.gif]
[srvdata2.asuedu.kmk/Book_OP_04_OA_25/Les19/3.htm]
[srvdata2.asuedu.kmk/Book_OP_04_OA_25/Les19/Pic/01.gif]
[srvdata2.asuedu.kmk/Book_OP_04_OA_25/Les19/Pic/03.gif]
[srvdata2.asuedu.kmk/Book_OP_04_OA_25/Les19/Pic/04.gif]
[srvdata2.asuedu.kmk/Book_OP_04_OA_25/Les19/Pic/05.gif]
[srvdata2.asuedu.kmk/Book_OP_04_OA_25/Les19/Pic/06.gif]
[srvdata2.asuedu.kmk/Book_OP_04_OA_25/Les19/Pic/07.gif]
[srvdata2.asuedu.kmk/Book_OP_04_OA_25/Les19/Pic/08.gif]
[srvdata2.asuedu.kmk/Book_OP_04_OA_25/Les19/Pic/09.gif]
[srvdata2.asuedu.kmk/Book_OP_04_OA_25/Les19/Pic/10.gif]
[srvdata2.asuedu.kmk/Book_OP_04_OA_25/Les19/Pic/11.gif]
[srvdata2.asuedu.kmk/Book_OP_04_OA_25/Les19/Pic/12.gif]
[srvdata2.asuedu.kmk/Book_OP_04_OA_25/Les19/Pic/15.gif]
[srvdata2.asuedu.kmk/Book_OP_04_OA_25/Les19/4.htm]
[srvdata2.asuedu.kmk/Book_OP_04_OA_25/Les19/6.htm]
[srvdata2.asuedu.kmk/Book_OP_04_OA_25/Les20/Pic/slide-6.jpg]
[srvdata2.asuedu.kmk/Book_OP_04_OA_25/Les20/Pic/img_user_file.png]
[srvdata2.asuedu.kmk/Book_OP_04_OA_25/Les20/Pic/img_user_file2.png]
[srvdata2.asuedu.kmk/Book_OP_04_OA_25/Les20/Pic/11-1.gif]
[srvdata2.asuedu.kmk/Book_OP_04_OA_25/Les20/Pic/11-2.gif]
[srvdata2.asuedu.kmk/Book_OP_04_OA_25/Les20/1.htm]
[srvdata2.asuedu.kmk/Book_OP_04_OA_25/Les20/pic/new-2.png]
[srvdata2.asuedu.kmk/Book_OP_04_OA_25/Les20/Pic/new-1.png]
[srvdata2.asuedu.kmk/Book_OP_04_OA_25/Les20/pic/new-5.png]
[srvdata2.asuedu.kmk/Book_OP_04_OA_25/Les20/pic/new-6.png]
[srvdata2.asuedu.kmk/Book_OP_04_OA_25/Les20/pic/new-7.png]
[srvdata2.asuedu.kmk/Book_OP_04_OA_25/Les20/pic/new-8.png]
[srvdata2.asuedu.kmk/Book_OP_04_OA_25/Les20/pic/new-9.png]
[srvdata2.asuedu.kmk/Book_OP_04_OA_25/Les20/pic/new-11.png]
[srvdata2.asuedu.kmk/Book_OP_04_OA_25/Les20/Pic/bg_bullet_full_1.gif]
[srvdata2.asuedu.kmk/Book_OP_04_OA_25/Les20/2.htm]
[srvdata2.asuedu.kmk/Book_OP_04_OA_25/Les20/3.htm]
[srvdata2.asuedu.kmk/Book_OP_04_OA_25/Les20/Pic/u-55-1-1.png]
[srvdata2.asuedu.kmk/Book_OP_04_OA_25/Les20/Pic/u-55-1-2.png]
[srvdata2.asuedu.kmk/Book_OP_04_OA_25/Les20/4.htm]
[srvdata2.asuedu.kmk/Book_OP_04_OA_25/Les20/5.htm]
[srvdata2.asuedu.kmk/Book_OP_04_OA_25/Les20/6.htm]
[srvdata2.asuedu.kmk/Book_OP_04_OA_25/Les21/1.htm]
[srvdata2.asuedu.kmk/Book_OP_04_OA_25/Les21/2.htm]
[srvdata2.asuedu.kmk/Book_OP_04_OA_25/Les21/3.htm]
[srvdata2.asuedu.kmk/Book_OP_04_OA_25/Les21/Pic/5.3.png]
[srvdata2.asuedu.kmk/Book_OP_04_OA_25/Les21/4.htm]
[srvdata2.asuedu.kmk/Book_OP_04_OA_25/Les21/5.htm]
[srvdata2.asuedu.kmk/Book_OP_04_OA_25/Les21/6.htm]
[srvdata2.asuedu.kmk/Book_OP_04_OA_25/Les21/7.htm]
[srvdata2.asuedu.kmk/Book_OP_04_OA_25/Les21/8.htm]
[srvdata2.asuedu.kmk/Book_OP_04_OA_25/Les21/9.htm]
[srvdata2.asuedu.kmk/Book_OP_04_OA_25/Les21/10.htm]
[srvdata2.asuedu.kmk/Book_OP_04_OA_25/Les21/11.htm]
[srvdata2.asuedu.kmk/Book_OP_04_OA_25/Les22/111.htm]
[srvdata2.asuedu.kmk/Book_OP_04_OA_25/Les22/1.htm]
[srvdata2.asuedu.kmk/Book_OP_04_OA_25/Les22/2.htm]
[srvdata2.asuedu.kmk/Book_OP_04_OA_25/Les22/3.htm]
[srvdata2.asuedu.kmk/Book_OP_04_OA_25/Les22/4.htm]
[srvdata2.asuedu.kmk/Book_OP_04_OA_25/Les21/read.gif]
[srvdata2.asuedu.kmk/Book_OP_04_OA_25/Les22/5.htm]
[srvdata2.asuedu.kmk/Book_OP_04_OA_25/Les22/6.htm]
[srvdata2.asuedu.kmk/Book_OP_04_OA_25/Les22/7.htm]
[srvdata2.asuedu.kmk/Book_OP_04_OA_25/Les22/8.htm]
[srvdata2.asuedu.kmk/Book_OP_04_OA_25/Les23/1.htm]
[srvdata2.asuedu.kmk/Book_OP_04_OA_25/Les23/2.htm]
[srvdata2.asuedu.kmk/Book_OP_04_OA_25/Les23/3.htm]
[srvdata2.asuedu.kmk/Book_OP_04_OA_25/Les23/4.htm]
[srvdata2.asuedu.kmk/Book_OP_04_OA_25/Les23/5.htm]
[srvdata2.asuedu.kmk/Book_OP_04_OA_25/Les23/6.htm]
[srvdata2.asuedu.kmk/Book_OP_04_OA_25/Les23/7.htm]
[srvdata2.asuedu.kmk/Book_OP_04_OA_25/Les23/8.htm]
[srvdata2.asuedu.kmk/Book_OP_04_OA_25/Les22/pic/new-14.gif]
[srvdata2.asuedu.kmk/Book_OP_04_OA_25/Les24/pic/new-15.gif]
[srvdata2.asuedu.kmk/Book_OP_04_OA_25/Les24/1.htm]
[srvdata2.asuedu.kmk/Book_OP_04_OA_25/Les24/2.htm]
[srvdata2.asuedu.kmk/Book_OP_04_OA_25/Les24/3.htm]
[srvdata2.asuedu.kmk/Book_OP_04_OA_25/Les24/4.htm]
[srvdata2.asuedu.kmk/Book_OP_04_OA_25/Les24/5.htm]
[srvdata2.asuedu.kmk/Book_OP_04_OA_25/Les24/6.htm]
[srvdata2.asuedu.kmk/Book_OP_04_OA_25/Les24/7.htm]
[srvdata2.asuedu.kmk/Book_OP_04_OA_25/Les24/Pic/r-6-2.png]
[srvdata2.asuedu.kmk/Book_OP_04_OA_25/Les24/Pic/r-6-3.png]
[srvdata2.asuedu.kmk/Book_OP_04_OA_25/Les24/Pic/r-6-4.png]
[srvdata2.asuedu.kmk/Book_OP_04_OA_25/Les24/Pic/r-6-5.png]
[srvdata2.asuedu.kmk/Book_OP_04_OA_25/Les24/Pic/r-6-6.png]
[srvdata2.asuedu.kmk/Book_OP_04_OA_25/Les24/Pic/r-6-7.png]
[srvdata2.asuedu.kmk/Book_OP_04_OA_25/Les24/Pic/r-6-8.png]
[srvdata2.asuedu.kmk/Book_OP_04_OA_25/Les24/Pic/r-6-9.png]
[srvdata2.asuedu.kmk/Book_OP_04_OA_25/Les24/Pic/r-6-10.png]
[srvdata2.asuedu.kmk/Book_OP_04_OA_25/Les24/Pic/r-6-11.png]
[srvdata2.asuedu.kmk/Book_OP_04_OA_25/Les24/8.htm]
[srvdata2.asuedu.kmk/Book_OP_04_OA_25/Les25/Pic/testing-pyramid.png]
[srvdata2.asuedu.kmk/Book_OP_04_OA_25/Les25/1.htm]
[srvdata2.asuedu.kmk/Book_OP_04_OA_25/Les25/Pic/img51017.jpg]
[srvdata2.asuedu.kmk/Book_OP_04_OA_25/Les25/Pic/img51018.jpg]
[srvdata2.asuedu.kmk/Book_OP_04_OA_25/Les25/Pic/img51019.jpg]
[srvdata2.asuedu.kmk/Book_OP_04_OA_25/Les25/Pic/img51020.jpg]
[srvdata2.asuedu.kmk/Book_OP_04_OA_25/Les25/Pic/img51021.jpg]
[srvdata2.asuedu.kmk/Book_OP_04_OA_25/Les25/2.htm]
[srvdata2.asuedu.kmk/Book_OP_04_OA_25/Les25/pic/dbg-tour-set-a-breakpoint5b18.png]
[srvdata2.asuedu.kmk/Book_OP_04_OA_25/Les25/pic/dbg-tour-f115b18.png]
[srvdata2.asuedu.kmk/Book_OP_04_OA_25/Les25/pic/dbg-tour-run-to-click-25b18.png]
[srvdata2.asuedu.kmk/Book_OP_04_OA_25/Les25/pic/dbg-tour-run-to-cursor5b18.png]
[srvdata2.asuedu.kmk/Book_OP_04_OA_25/Les25/pic/dbg-tour-data-tips5b18.png]
[srvdata2.asuedu.kmk/Book_OP_04_OA_25/Les25/pic/dbg-tour-autos-window5b18.png]
[srvdata2.asuedu.kmk/Book_OP_04_OA_25/Les25/pic/dbg-tour-locals-window5b18.png]
[srvdata2.asuedu.kmk/Book_OP_04_OA_25/Les25/pic/dbg-tour-watch-window5b18.png]
[srvdata2.asuedu.kmk/Book_OP_04_OA_25/Les25/pic/dbg-tour-call-stack5b18.png]
[srvdata2.asuedu.kmk/Book_OP_04_OA_25/Les25/pic/dbg-tour-exception-helper5b18.png]
[srvdata2.asuedu.kmk/Book_OP_04_OA_25/Les25/pic/debug-with-copilot-ask-copilot-button5b18.png]
[srvdata2.asuedu.kmk/Book_OP_04_OA_25/Les25/pic/dbg-tour-project-properties5b18.png]
[srvdata2.asuedu.kmk/Book_OP_04_OA_25/Les25/3.htm]
[srvdata2.asuedu.kmk/Book_OP_04_OA_25/Les25/pic/basic-breakpoint5b18.png]
[srvdata2.asuedu.kmk/Book_OP_04_OA_25/Les25/pic/breakpoint-execution5b18.png]
[srvdata2.asuedu.kmk/Book_OP_04_OA_25/Les25/pic/breakpoint-settings5b18.png]
[srvdata2.asuedu.kmk/Book_OP_04_OA_25/Les25/pic/breakpoint-condition-is-true5b18.png]
[srvdata2.asuedu.kmk/Book_OP_04_OA_25/Les25/pic/breakpoint-when-changed5b18.png]
[srvdata2.asuedu.kmk/Book_OP_04_OA_25/Les25/pic/breakpoint-hit-count5b18.png]
[srvdata2.asuedu.kmk/Book_OP_04_OA_25/Les25/4.htm]
[srvdata2.asuedu.kmk/Book_OP_04_OA_25/Les25/5.htm]
[srvdata2.asuedu.kmk/Book_OP_04_OA_25/Les25/Pic/img_Kr1.png]
[srvdata2.asuedu.kmk/Book_OP_04_OA_25/Les25/Pic/Kr1.png]
[srvdata2.asuedu.kmk/Book_OP_04_OA_25/Les25/6.htm]
[srvdata2.asuedu.kmk/Book_OP_04_OA_25/Les26/Pic/2.10.png]
[srvdata2.asuedu.kmk/Book_OP_04_OA_25/Les26/1.htm]
[srvdata2.asuedu.kmk/Book_OP_04_OA_25/Les26/2.htm]
[srvdata2.asuedu.kmk/Book_OP_04_OA_25/Les26/Pic/2.11.png]
[srvdata2.asuedu.kmk/Book_OP_04_OA_25/Les26/3.htm]
[srvdata2.asuedu.kmk/Book_OP_04_OA_25/Les26/4.htm]
[srvdata2.asuedu.kmk/Book_OP_04_OA_25/Les26/5.htm]
[srvdata2.asuedu.kmk/Book_OP_04_OA_25/Les26/6.htm]
[srvdata2.asuedu.kmk/Book_OP_04_OA_25/Les26/7.htm]
[srvdata2.asuedu.kmk/Book_OP_04_OA_25/Les26/8.htm]
[srvdata2.asuedu.kmk/Book_OP_04_OA_25/Les27/Pic/image001.jpg]
[srvdata2.asuedu.kmk/Book_OP_04_OA_25/Les27/Pic/image002.jpg]
[srvdata2.asuedu.kmk/Book_OP_04_OA_25/Les27/Pic/image003.jpg]
[srvdata2.asuedu.kmk/Book_OP_04_OA_25/Les27/Pic/image004.jpg]
[srvdata2.asuedu.kmk/Book_OP_04_OA_25/Les27/Pic/image005.jpg]
[srvdata2.asuedu.kmk/Book_OP_04_OA_25/Les27/Pic/image006.gif]
[srvdata2.asuedu.kmk/Book_OP_04_OA_25/Les27/0.htm]
[srvdata2.asuedu.kmk/Book_OP_04_OA_25/Les27/1.htm]
[srvdata2.asuedu.kmk/Book_OP_04_OA_25/Les27/2.htm]
[srvdata2.asuedu.kmk/Book_OP_04_OA_25/Les27/Pic/blockquote.png]
[srvdata2.asuedu.kmk/Book_OP_04_OA_25/Les27/Pic/image002.gif]
[srvdata2.asuedu.kmk/Book_OP_04_OA_25/Les27/Pic/image003.gif]
[srvdata2.asuedu.kmk/Book_OP_04_OA_25/Les27/Pic/image004.gif]
[srvdata2.asuedu.kmk/Book_OP_04_OA_25/Les27/3.htm]
[srvdata2.asuedu.kmk/Book_OP_04_OA_25/Les27/4.htm]
[srvdata2.asuedu.kmk/Book_OP_04_OA_25/Les27/Pic/r-27-1.png]
[srvdata2.asuedu.kmk/Book_OP_04_OA_25/Les27/Pic/r-27-2.png]
[srvdata2.asuedu.kmk/Book_OP_04_OA_25/Les27/5.htm]
[srvdata2.asuedu.kmk/Book_OP_04_OA_25/Les27/Pic/r-27-3.png]
[srvdata2.asuedu.kmk/Book_OP_04_OA_25/Les27/6.htm]
[srvdata2.asuedu.kmk/Book_OP_04_OA_25/Les27/7.htm]
[srvdata2.asuedu.kmk/Book-OA_CCA_25/Les21/Pic/Kr-2-2.png]
[srvdata2.asuedu.kmk/Book-OA_CCA_25/Les21/Pic/Kr-2-1.png]
[srvdata2.asuedu.kmk/Book-OA_CCA_25/Les21/Pic/Kr-2-3.png]
[srvdata2.asuedu.kmk/Book_OP_04_OA_25/Les27/8.htm]
[srvdata2.asuedu.kmk/Book_OP_04_OA_25/Les28/Oa.css]
[srvdata2.asuedu.kmk/Book_OP_04_OA_25/Les28/Pic/08_01_01.png]
[srvdata2.asuedu.kmk/Book_OP_04_OA_25/Les28/1.htm]
[srvdata2.asuedu.kmk/Book_OP_04_OA_25/Les28/Pic/08_01_02.png]
[srvdata2.asuedu.kmk/Book_OP_04_OA_25/Les28/pic/08_01_03.png]
[srvdata2.asuedu.kmk/Book_OP_04_OA_25/Les28/Pic/08_01_01_i.png]
[srvdata2.asuedu.kmk/Book_OP_04_OA_25/Les28/Pic/08_01_02_i.png]
[srvdata2.asuedu.kmk/Book_OP_04_OA_25/Les28/2.htm]
[srvdata2.asuedu.kmk/Book_OP_04_OA_25/Les28/3.htm]
[srvdata2.asuedu.kmk/Book_OP_04_OA_25/Les28/4.htm]
[srvdata2.asuedu.kmk/Book_OP_04_OA_25/Les28/Pic/r-6-2.png]
[srvdata2.asuedu.kmk/Book_OP_04_OA_25/Les28/Pic/r-6-3.png]
[srvdata2.asuedu.kmk/Book_OP_04_OA_25/Les28/Pic/r-6-4.png]
[srvdata2.asuedu.kmk/Book_OP_04_OA_25/Les28/Pic/r-6-5.png]
[srvdata2.asuedu.kmk/Book_OP_04_OA_25/Les28/Pic/r-6-6.png]
[srvdata2.asuedu.kmk/Book_OP_04_OA_25/Les28/Pic/r-6-7.png]
[srvdata2.asuedu.kmk/Book_OP_04_OA_25/Les28/Pic/r-6-8.png]
[srvdata2.asuedu.kmk/Book_OP_04_OA_25/Les28/Pic/r-6-9.png]
[srvdata2.asuedu.kmk/Book_OP_04_OA_25/Les28/Pic/r-6-10.png]
[srvdata2.asuedu.kmk/Book_OP_04_OA_25/Les28/Pic/r-6-11.png]
[srvdata2.asuedu.kmk/Book_OP_04_OA_25/Les28/5.htm]
[srvdata2.asuedu.kmk/Book_OP_04_OA_25/Les27/Pic/08_01_04.png]
[srvdata2.asuedu.kmk/Book_OP_04_OA_25/Les27/Pic/08_01_05.png]
[srvdata2.asuedu.kmk/Book_OP_04_OA_25/Les28/6.htm]
[srvdata2.asuedu.kmk/Book_OP_04_OA_25/Les28/Pic/image001.jpg]
[srvdata2.asuedu.kmk/Book_OP_04_OA_25/Les28/Pic/image002.jpg]
[srvdata2.asuedu.kmk/Book_OP_04_OA_25/Les28/7.htm]
[srvdata2.asuedu.kmk/Book_OP_04_OA_25/Les28/Pic/Kp3.png]
[srvdata2.asuedu.kmk/Book_OP_04_OA_25/Les28/Pic/Kp3-file.png]
[srvdata2.asuedu.kmk/Book_OP_04_OA_25/Les28/Pic/Kp3-itog.png]
[srvdata2.asuedu.kmk/Book_OP_04_OA_25/Les28/8.htm]
[srvdata2.asuedu.kmk/Book_OP_04_OA_25/Les29/1.htm]
[srvdata2.asuedu.kmk/Book_OP_04_OA_25/Les29/Pic/1.JPG]
[srvdata2.asuedu.kmk/Book_OP_04_OA_25/Les29/Pic/2.JPG]
[srvdata2.asuedu.kmk/Book_OP_04_OA_25/Les29/Pic/3.JPG]
[srvdata2.asuedu.kmk/Book_OP_04_OA_25/Les29/Pic/4.JPG]
[srvdata2.asuedu.kmk/Book_OP_04_OA_25/Les29/Pic/6.JPG]
[srvdata2.asuedu.kmk/Book_OP_04_OA_25/Les29/Pic/7.JPG]
[srvdata2.asuedu.kmk/Book_OP_04_OA_25/Les29/Pic/8.JPG]
[srvdata2.asuedu.kmk/Book_OP_04_OA_25/Les29/2.htm]
[srvdata2.asuedu.kmk/Book_OP_04_OA_25/Les29/3.htm]
[srvdata2.asuedu.kmk/Book_OP_04_OA_25/Les29/4.htm]
[srvdata2.asuedu.kmk/Book_OP_04_OA_25/Les29/Pic/r-31-10.jpg]
[srvdata2.asuedu.kmk/Book_OP_04_OA_25/Les29/Pic/img10.jpg]
[srvdata2.asuedu.kmk/Book_OP_04_OA_25/Les29/5.htm]
[srvdata2.asuedu.kmk/Book_OP_04_OA_25/Les29/Pz23.htm]
[srvdata2.asuedu.kmk/Book_OP_04_OA_25/Les30/bullet.gif]
[srvdata2.asuedu.kmk/Book_OP_04_OA_25/Les30/1.htm]
[srvdata2.asuedu.kmk/Book_OP_04_OA_25/Les30/Pic/r-30-1.png]
[srvdata2.asuedu.kmk/Book_OP_04_OA_25/Les30/Pic/r-30-2.png]
[srvdata2.asuedu.kmk/Book_OP_04_OA_25/Les30/Pic/1-54.png]
[srvdata2.asuedu.kmk/Book_OP_04_OA_25/Les30/Pic/1_1-11.png]
[srvdata2.asuedu.kmk/Book_OP_04_OA_25/Les30/Pic/r-30-r.png]
[srvdata2.asuedu.kmk/Book_OP_04_OA_25/Les30/Pic/r-30-p.png]
[srvdata2.asuedu.kmk/Book_OP_04_OA_25/Les30/Pic/r-30-3.png]
[srvdata2.asuedu.kmk/Book_OP_04_OA_25/Les30/Pic/r-30-4.png]
[srvdata2.asuedu.kmk/Book_OP_04_OA_25/Les30/Pic/r-30-5.png]
[srvdata2.asuedu.kmk/Book_OP_04_OA_25/Les30/Pic/r-30-6.png]
[srvdata2.asuedu.kmk/Book_OP_04_OA_25/Les30/Pic/r-30-7.png]
[srvdata2.asuedu.kmk/Book_OP_04_OA_25/Les30/Pic/r-30-8.png]
[srvdata2.asuedu.kmk/Book_OP_04_OA_25/Les30/2.htm]
[srvdata2.asuedu.kmk/Book_OP_04_OA_25/Les30/Pic/r-30-10.png]
[srvdata2.asuedu.kmk/Book_OP_04_OA_25/Les30/Pic/r-30-12.png]
[srvdata2.asuedu.kmk/Book_OP_04_OA_25/Les30/Pic/r-30-13.png]
[srvdata2.asuedu.kmk/Book_OP_04_OA_25/Les30/Pic/r-30-14.png]
[srvdata2.asuedu.kmk/Book_OP_04_OA_25/Les30/Pic/r-30-15.png]
[srvdata2.asuedu.kmk/Book_OP_04_OA_25/Les30/2.13.png]
[srvdata2.asuedu.kmk/Book_OP_04_OA_25/Les30/Pic/r-30-16.png]
[srvdata2.asuedu.kmk/Book_OP_04_OA_25/Les30/Pic/r-30-17.png]
[srvdata2.asuedu.kmk/Book_OP_04_OA_25/Les30/Pic/r-30-18.png]
[srvdata2.asuedu.kmk/Book_OP_04_OA_25/Les30/Pic/r-30-19.png]
[srvdata2.asuedu.kmk/Book_OP_04_OA_25/Les30/3.htm]
[srvdata2.asuedu.kmk/Book_OP_04_OA_25/Les30/4.htm]
[srvdata2.asuedu.kmk/Book_OP_04_OA_25/Les30/6.htm]
[srvdata2.asuedu.kmk/Book_OP_04_OA_25/Les31/Pic/r-31-10.jpg]
[srvdata2.asuedu.kmk/Book_OP_04_OA_25/Les31/Pic/img10.jpg]
[srvdata2.asuedu.kmk/Book_OP_04_OA_25/Les31/1.htm]
[srvdata2.asuedu.kmk/Book_OP_04_OA_25/Les31/Pic/r-31-1.png]
[srvdata2.asuedu.kmk/Book_OP_04_OA_25/Les31/Pic/r-31-2.png]
[srvdata2.asuedu.kmk/Book_OP_04_OA_25/Les31/Pic/r-31-3.png]
[srvdata2.asuedu.kmk/Book_OP_04_OA_25/Les31/Pic/r-31-4.png]
[srvdata2.asuedu.kmk/Book_OP_04_OA_25/Les31/Pic/r-31-5.png]
[srvdata2.asuedu.kmk/Book_OP_04_OA_25/Les31/Pic/r-31-6.png]
[srvdata2.asuedu.kmk/Book_OP_04_OA_25/Les31/Pic/r-31-7.png]
[srvdata2.asuedu.kmk/Book_OP_04_OA_25/Les31/Pic/r-31-8.png]
[srvdata2.asuedu.kmk/Book_OP_04_OA_25/Les31/2.htm]
[srvdata2.asuedu.kmk/Book_OP_04_OA_25/Les31/3.htm]
[srvdata2.asuedu.kmk/Book_OP_04_OA_25/Les31/4.htm]
[srvdata2.asuedu.kmk/Book_OP_04_OA_25/Les31/5.htm]
[srvdata2.asuedu.kmk/Book_OP_04_OA_25/Les31/6.htm]
[srvdata2.asuedu.kmk/Book_OP_04_OA_25/Les32/Oa.css]
[srvdata2.asuedu.kmk/Book_OP_04_OA_25/Les32/Pic/r-32-34.png]
[srvdata2.asuedu.kmk/Book_OP_04_OA_25/Les32/Pic/r-32-35.png]
[srvdata2.asuedu.kmk/Book_OP_04_OA_25/Les32/1.htm]
[srvdata2.asuedu.kmk/Book_OP_04_OA_25/Les32/Pic/r-32-1.png]
[srvdata2.asuedu.kmk/Book_OP_04_OA_25/Les32/Pic/r-32-2.png]
[srvdata2.asuedu.kmk/Book_OP_04_OA_25/Les32/Pic/r-32-3.png]
[srvdata2.asuedu.kmk/Book_OP_04_OA_25/Les32/Pic/r-32-4.png]
[srvdata2.asuedu.kmk/Book_OP_04_OA_25/Les32/Pic/r-32-5.png]
[srvdata2.asuedu.kmk/Book_OP_04_OA_25/Les32/Pic/r-32-6.png]
[srvdata2.asuedu.kmk/Book_OP_04_OA_25/Les32/Pic/r-32-7.png]
[srvdata2.asuedu.kmk/Book_OP_04_OA_25/Les32/Pic/r-32-8.png]
[srvdata2.asuedu.kmk/Book_OP_04_OA_25/Les32/Pic/r-32-9.png]
[srvdata2.asuedu.kmk/Book_OP_04_OA_25/Les32/Pic/r-32-10.png]
[srvdata2.asuedu.kmk/Book_OP_04_OA_25/Les32/Pic/r-32-12.png]
[srvdata2.asuedu.kmk/Book_OP_04_OA_25/Les32/Pic/r-32-14.png]
[srvdata2.asuedu.kmk/Book_OP_04_OA_25/Les32/Pic/r-32-15.png]
[srvdata2.asuedu.kmk/Book_OP_04_OA_25/Les32/Pic/r-32-13.png]
[srvdata2.asuedu.kmk/Book_OP_04_OA_25/Les32/Pic/r-32-16.png]
[srvdata2.asuedu.kmk/Book_OP_04_OA_25/Les32/Pic/r-32-17.png]
[srvdata2.asuedu.kmk/Book_OP_04_OA_25/Les32/Pic/r-32-18.png]
[srvdata2.asuedu.kmk/Book_OP_04_OA_25/Les32/Pic/r-32-19.png]
[srvdata2.asuedu.kmk/Book_OP_04_OA_25/Les32/Pic/r-32-20.png]
[srvdata2.asuedu.kmk/Book_OP_04_OA_25/Les32/Pic/r-32-21.png]
[srvdata2.asuedu.kmk/Book_OP_04_OA_25/Les32/Pic/r-32-22.png]
[srvdata2.asuedu.kmk/Book_OP_04_OA_25/Les32/Pic/r-32-23.png]
[srvdata2.asuedu.kmk/Book_OP_04_OA_25/Les32/Pic/r-32-24.png]
[srvdata2.asuedu.kmk/Book_OP_04_OA_25/Les32/Pic/r-32-25.png]
[srvdata2.asuedu.kmk/Book_OP_04_OA_25/Les32/Pic/r-32-26.png]
[srvdata2.asuedu.kmk/Book_OP_04_OA_25/Les32/Pic/r-32-27.png]
[srvdata2.asuedu.kmk/Book_OP_04_OA_25/Les32/Pic/r-32-28.png]
[srvdata2.asuedu.kmk/Book_OP_04_OA_25/Les32/Pic/r-32-29.png]
[srvdata2.asuedu.kmk/Book_OP_04_OA_25/Les32/Pic/r-32-30.png]
[srvdata2.asuedu.kmk/Book_OP_04_OA_25/Les32/Pic/r-32-31.png]
[srvdata2.asuedu.kmk/Book_OP_04_OA_25/Les32/2.htm]
[srvdata2.asuedu.kmk/Book_OP_04_OA_25/Les32/Pic/r-32-32.png]
[srvdata2.asuedu.kmk/Book_OP_04_OA_25/Les32/Pic/r-32-33.png]
[srvdata2.asuedu.kmk/Book_OP_04_OA_25/Les32/Pic/r-30-10.png]
[srvdata2.asuedu.kmk/Book_OP_04_OA_25/Les32/Pic/r-30-12.png]
[srvdata2.asuedu.kmk/Book_OP_04_OA_25/Les32/Pic/r-30-13.png]
[srvdata2.asuedu.kmk/Book_OP_04_OA_25/Les32/Pic/r-30-14.png]
[srvdata2.asuedu.kmk/Book_OP_04_OA_25/Les32/Pic/r-30-15.png]
[srvdata2.asuedu.kmk/Book_OP_04_OA_25/Les32/pic/2.13.png]
[srvdata2.asuedu.kmk/Book_OP_04_OA_25/Les32/Pic/r-30-16.png]
[srvdata2.asuedu.kmk/Book_OP_04_OA_25/Les32/Pic/r-30-17.png]
[srvdata2.asuedu.kmk/Book_OP_04_OA_25/Les32/Pic/r-30-18.png]
[srvdata2.asuedu.kmk/Book_OP_04_OA_25/Les32/Pic/r-30-19.png]
[srvdata2.asuedu.kmk/Book_OP_04_OA_25/Les32/3.htm]
[srvdata2.asuedu.kmk/Book_OP_04_OA_25/Les32/4.htm]
[srvdata2.asuedu.kmk/Book_OP_04_OA_25/Les32/5.htm]
[srvdata2.asuedu.kmk/Book_OP_04_OA_25/Les32/6.htm]
[srvdata2.asuedu.kmk/Book_OP_04_OA_25/Les33/Pic/img14.jpg]
[srvdata2.asuedu.kmk/Book_OP_04_OA_25/Les33/1.htm]
[srvdata2.asuedu.kmk/Book_OP_04_OA_25/Les33/Pic/1-24.png]
[srvdata2.asuedu.kmk/Book_OP_04_OA_25/Les33/Pic/1-26.png]
[srvdata2.asuedu.kmk/Book_OP_04_OA_25/Les33/Pic/1-27-300x112.png]
[srvdata2.asuedu.kmk/Book_OP_04_OA_25/Les33/2.htm]
[srvdata2.asuedu.kmk/Book_OP_04_OA_25/Les33/Pic/r-33-1.png]
[srvdata2.asuedu.kmk/Book_OP_04_OA_25/Les33/Pic/r-33-2.png]
[srvdata2.asuedu.kmk/Book_OP_04_OA_25/Les33/Pic/r-33-3.png]
[srvdata2.asuedu.kmk/Book_OP_04_OA_25/Les33/Pic/r-33-4.png]
[srvdata2.asuedu.kmk/Book_OP_04_OA_25/Les33/Pic/r-33-5.png]
[srvdata2.asuedu.kmk/Book_OP_04_OA_25/Les33/Pic/r-33-6.png]
[srvdata2.asuedu.kmk/Book_OP_04_OA_25/Les33/Pic/r-33-7.png]
[srvdata2.asuedu.kmk/Book_OP_04_OA_25/Les33/Pic/r-33-15.png]
[srvdata2.asuedu.kmk/Book_OP_04_OA_25/Les33/Pic/r-33-8.png]
[srvdata2.asuedu.kmk/Book_OP_04_OA_25/Les33/Pic/r-33-9.png]
[srvdata2.asuedu.kmk/Book_OP_04_OA_25/Les33/Pic/r-33-10.png]
[srvdata2.asuedu.kmk/Book_OP_04_OA_25/Les33/Pic/r-33-11.png]
[srvdata2.asuedu.kmk/Book_OP_04_OA_25/Les33/Pic/r-33-12.png]
[srvdata2.asuedu.kmk/Book_OP_04_OA_25/Les33/Pic/r-33-13.png]
[srvdata2.asuedu.kmk/Book_OP_04_OA_25/Les33/Pic/r-33-14.png]
[srvdata2.asuedu.kmk/Book_OP_04_OA_25/Les33/Pic/r-33-16.png]
[srvdata2.asuedu.kmk/Book_OP_04_OA_25/Les33/Pic/r-33-17.png]
[srvdata2.asuedu.kmk/Book_OP_04_OA_25/Les33/Pic/r-33-18.png]
[srvdata2.asuedu.kmk/Book_OP_04_OA_25/Les33/Pic/r-33-19.png]
[srvdata2.asuedu.kmk/Book_OP_04_OA_25/Les33/3.htm]
[srvdata2.asuedu.kmk/Book_OP_04_OA_25/Les33/4.htm]
[srvdata2.asuedu.kmk/Book_OP_04_OA_25/Les33/Pic/r-33-20.png]
[srvdata2.asuedu.kmk/Book_OP_04_OA_25/Les33/Pic/r-33-21.png]
[srvdata2.asuedu.kmk/Book_OP_04_OA_25/Les33/5.htm]
[srvdata2.asuedu.kmk/Book_OP_04_OA_25/Les34/Pic/r-32-1.png]
[srvdata2.asuedu.kmk/Book_OP_04_OA_25/Les34/Pic/r-32-2.png]
[srvdata2.asuedu.kmk/Book_OP_04_OA_25/Les34/Pic/r-32-3.png]
[srvdata2.asuedu.kmk/Book_OP_04_OA_25/Les34/Pic/r-32-4.png]
[srvdata2.asuedu.kmk/Book_OP_04_OA_25/Les34/Pic/r-32-5.png]
[srvdata2.asuedu.kmk/Book_OP_04_OA_25/Les34/Pic/r-32-6.png]
[srvdata2.asuedu.kmk/Book_OP_04_OA_25/Les34/Pic/r-32-7.png]
[srvdata2.asuedu.kmk/Book_OP_04_OA_25/Les34/Pic/r-32-8.png]
[srvdata2.asuedu.kmk/Book_OP_04_OA_25/Les34/Pic/r-32-9.png]
[srvdata2.asuedu.kmk/Book_OP_04_OA_25/Les34/Pic/r-32-10.png]
[srvdata2.asuedu.kmk/Book_OP_04_OA_25/Les34/Pic/r-32-12.png]
[srvdata2.asuedu.kmk/Book_OP_04_OA_25/Les34/Pic/r-32-14.png]
[srvdata2.asuedu.kmk/Book_OP_04_OA_25/Les34/Pic/r-32-15.png]
[srvdata2.asuedu.kmk/Book_OP_04_OA_25/Les34/Pic/r-32-13.png]
[srvdata2.asuedu.kmk/Book_OP_04_OA_25/Les34/Pic/r-32-16.png]
[srvdata2.asuedu.kmk/Book_OP_04_OA_25/Les34/Pic/r-32-17.png]
[srvdata2.asuedu.kmk/Book_OP_04_OA_25/Les34/Pic/r-32-18.png]
[srvdata2.asuedu.kmk/Book_OP_04_OA_25/Les34/Pic/r-32-19.png]
[srvdata2.asuedu.kmk/Book_OP_04_OA_25/Les34/Pic/r-32-20.png]
[srvdata2.asuedu.kmk/Book_OP_04_OA_25/Les34/Pic/r-32-21.png]
[srvdata2.asuedu.kmk/Book_OP_04_OA_25/Les34/Pic/r-32-22.png]
[srvdata2.asuedu.kmk/Book_OP_04_OA_25/Les34/Pic/r-32-23.png]
[srvdata2.asuedu.kmk/Book_OP_04_OA_25/Les34/Pic/r-32-24.png]
[srvdata2.asuedu.kmk/Book_OP_04_OA_25/Les34/Pic/r-32-25.png]
[srvdata2.asuedu.kmk/Book_OP_04_OA_25/Les34/Pic/r-32-26.png]
[srvdata2.asuedu.kmk/Book_OP_04_OA_25/Les34/Pic/r-32-27.png]
[srvdata2.asuedu.kmk/Book_OP_04_OA_25/Les34/Pic/r-32-28.png]
[srvdata2.asuedu.kmk/Book_OP_04_OA_25/Les34/Pic/r-32-29.png]
[srvdata2.asuedu.kmk/Book_OP_04_OA_25/Les34/Pic/r-32-30.png]
[srvdata2.asuedu.kmk/Book_OP_04_OA_25/Les34/Pic/r-32-31.png]
[srvdata2.asuedu.kmk/Book_OP_04_OA_25/Les34/1.htm]
[srvdata2.asuedu.kmk/Book_OP_04_OA_25/Les34/2.htm]
[srvdata2.asuedu.kmk/Book_OP_04_OA_25/Les34/3.htm]
[srvdata2.asuedu.kmk/Book_OP_04_OA_25/Les34/Pic/Kr5.png]
[srvdata2.asuedu.kmk/Book_OP_04_OA_25/Les34/6.htm]
[srvdata2.asuedu.kmk/Book_OP_04_OA_25/Les35/1.htm]
[srvdata2.asuedu.kmk/Book_OP_04_OA_25/Les35/2.htm]
[srvdata2.asuedu.kmk/Book_OP_04_OA_25/Les35/Pic/ModPas.png]
[srvdata2.asuedu.kmk/Book_OP_04_OA_25/Les35/3.htm]
[srvdata2.asuedu.kmk/Book_OP_04_OA_25/Les35/4.htm]
[srvdata2.asuedu.kmk/Book_OP_04_OA_25/Les35/Pic/image002.jpg]
[srvdata2.asuedu.kmk/Book_OP_04_OA_25/Les35/5.htm]
[srvdata2.asuedu.kmk/Book_OP_04_OA_25/Les35/Pz23.htm]
[srvdata2.asuedu.kmk/Book_OP_04_OA_25/Les36/Pic/r36_1_1.png]
[srvdata2.asuedu.kmk/Book_OP_04_OA_25/Les36/Pic/r36_1_2.png]
[srvdata2.asuedu.kmk/Book_OP_04_OA_25/Les36/Pic/r36_1_3.png]
[srvdata2.asuedu.kmk/Book_OP_04_OA_25/Les36/Pic/r36_1_5.png]
[srvdata2.asuedu.kmk/Book_OP_04_OA_25/Les36/Pic/r36_1_6.png]
[srvdata2.asuedu.kmk/Book_OP_04_OA_25/Les36/Pic/r36_1_7.png]
[srvdata2.asuedu.kmk/Book_OP_04_OA_25/Les36/Pic/r36_1_8.png]
[srvdata2.asuedu.kmk/Book_OP_04_OA_25/Les36/Pic/r36_1_9.png]
[srvdata2.asuedu.kmk/Book_OP_04_OA_25/Les36/Pic/r36_1_10.png]
[srvdata2.asuedu.kmk/Book_OP_04_OA_25/Les36/Pic/r36_1_11.png]
[srvdata2.asuedu.kmk/Book_OP_04_OA_25/Les36/Pic/r36_1_12.png]
[srvdata2.asuedu.kmk/Book_OP_04_OA_25/Les36/Pic/r36_1_13.png]
[srvdata2.asuedu.kmk/Book_OP_04_OA_25/Les36/1.htm]
[srvdata2.asuedu.kmk/Book_OP_04_OA_25/Les36/Les70/Pic/blank-solution.png]
[srvdata2.asuedu.kmk/Book_OP_04_OA_25/Les36/Les70/Pic/library-project-properties-net8.png]
[srvdata2.asuedu.kmk/Book_OP_04_OA_25/Les36/Les70/Pic/add-reference-context-menu.png]
[srvdata2.asuedu.kmk/Book_OP_04_OA_25/Les36/Les70/Pic/manage-project-references.png]
[srvdata2.asuedu.kmk/Book_OP_04_OA_25/Les36/Les70/Pic/set-startup-project-context-menu.png]
[srvdata2.asuedu.kmk/Book_OP_04_OA_25/Les36/2.htm]
[srvdata2.asuedu.kmk/Book_OP_04_OA_25/Les36/Pz23.htm]
[srvdata2.asuedu.kmk/Book_OP_04_OA_25/Les36/Les70/Pic/run-showcase-net6.png]
[srvdata2.asuedu.kmk/Book_OP_04_OA_25/Les37/pic/09_01_01.png]
[srvdata2.asuedu.kmk/Book_OP_04_OA_25/Les37/1.htm]
[srvdata2.asuedu.kmk/Book_OP_04_OA_25/Les37/Pic/r-37-12.png]
[srvdata2.asuedu.kmk/Book_OP_04_OA_25/Les37/Pic/r-37-13.png]
[srvdata2.asuedu.kmk/Book_OP_04_OA_25/Les37/Pic/r-37-15.png]
[srvdata2.asuedu.kmk/Book_OP_04_OA_25/Les37/Pic/r-37-10.png]
[srvdata2.asuedu.kmk/Book_OP_04_OA_25/Les37/Pic/r-37-11.png]
[srvdata2.asuedu.kmk/Book_OP_04_OA_25/Les37/Pic/r-37-14.png]
[srvdata2.asuedu.kmk/Book_OP_04_OA_25/Les37/2.htm]
[srvdata2.asuedu.kmk/Book_OP_04_OA_25/Les37/Pic/r-37-6-1.png]
[srvdata2.asuedu.kmk/Book_OP_04_OA_25/Les37/Pic/r-37-6-2.png]
[srvdata2.asuedu.kmk/Book_OP_04_OA_25/Les37/6.htm]
[srvdata2.asuedu.kmk/Book_OP_04_OA_25/Les38/Pic/new-27.gif]
[srvdata2.asuedu.kmk/Book_OP_04_OA_25/Les38/Pic/new-28.gif]
[srvdata2.asuedu.kmk/Book_OP_04_OA_25/Les38/Pic/image011.jpg]
[srvdata2.asuedu.kmk/Book_OP_04_OA_25/Les38/Pic/Heap.png]
[srvdata2.asuedu.kmk/Book_OP_04_OA_25/Les38/1.htm]
[srvdata2.asuedu.kmk/Book_OP_04_OA_25/Les38/pic/1-500x97.png]
[srvdata2.asuedu.kmk/Book_OP_04_OA_25/Les38/pic/1_11-500x81.png]
[srvdata2.asuedu.kmk/Book_OP_04_OA_25/Les38/pic/451319_p11_3.png]
[srvdata2.asuedu.kmk/Book_OP_04_OA_25/Les38/pic/1-1-500x192.png]
[srvdata2.asuedu.kmk/Book_OP_04_OA_25/Les38/2.htm]
[srvdata2.asuedu.kmk/Book_OP_04_OA_25/Les38/pic/1-2-500x311.png]
[srvdata2.asuedu.kmk/Book_OP_04_OA_25/Les38/3.htm]
[srvdata2.asuedu.kmk/Book_OP_04_OA_25/Les38/4.htm]
[srvdata2.asuedu.kmk/Book_OP_04_OA_25/Les38/5.htm]
[srvdata2.asuedu.kmk/Book_OP_04_OA_25/Les38/Pic/8.1.png]
[srvdata2.asuedu.kmk/Book_OP_04_OA_25/Les38/6.htm]
[srvdata2.asuedu.kmk/Book_OP_04_OA_25/Les39/Pic/10-1.gif]
[srvdata2.asuedu.kmk/Book_OP_04_OA_25/Les39/Pic/example_list.png]
[srvdata2.asuedu.kmk/Book_OP_04_OA_25/Les39/Pic/bilateral_list.png]
[srvdata2.asuedu.kmk/Book_OP_04_OA_25/Les39/Pic/xor_list.png]
[srvdata2.asuedu.kmk/Book_OP_04_OA_25/Les39/Pic/circular_doubly_linked_list.png]
[srvdata2.asuedu.kmk/Book_OP_04_OA_25/Les39/0.htm]
[srvdata2.asuedu.kmk/Book_OP_04_OA_25/Les39/pic/1-4-500x232.png]
[srvdata2.asuedu.kmk/Book_OP_04_OA_25/Les39/pic/1_11-1-500x125.png]
[srvdata2.asuedu.kmk/Book_OP_04_OA_25/Les39/pic/2-500x189.png]
[srvdata2.asuedu.kmk/Book_OP_04_OA_25/Les39/pic/3-500x268.png]
[srvdata2.asuedu.kmk/Book_OP_04_OA_25/Les39/pic/1-5-500x86.png]
[srvdata2.asuedu.kmk/Book_OP_04_OA_25/Les39/pic/1_11-2-500x86.png]
[srvdata2.asuedu.kmk/Book_OP_04_OA_25/Les39/pic/2-1-500x128.png]
[srvdata2.asuedu.kmk/Book_OP_04_OA_25/Les39/pic/3-1-500x108.png]
[srvdata2.asuedu.kmk/Book_OP_04_OA_25/Les39/pic/4-500x108.png]
[srvdata2.asuedu.kmk/Book_OP_04_OA_25/Les39/pic/1-6-500x108.png]
[srvdata2.asuedu.kmk/Book_OP_04_OA_25/Les39/Pic/Bez.png]
[srvdata2.asuedu.kmk/Book_OP_04_OA_25/Les39/1.htm]
[srvdata2.asuedu.kmk/Book_OP_04_OA_25/Les39/2.htm]
[srvdata2.asuedu.kmk/Book_OP_04_OA_25/Les39/Pic/r-41-1.png]
[srvdata2.asuedu.kmk/Book_OP_04_OA_25/Les39/Pic/r-41-2.png]
[srvdata2.asuedu.kmk/Book_OP_04_OA_25/Les39/Pic/r-41-4.png]
[srvdata2.asuedu.kmk/Book_OP_04_OA_25/Les39/Pic/r-41-3.png]
[srvdata2.asuedu.kmk/Book_OP_04_OA_25/Les39/Pic/r-41-5.png]
[srvdata2.asuedu.kmk/Book_OP_04_OA_25/Les39/3.htm]
[srvdata2.asuedu.kmk/Book_OP_04_OA_25/Les40/Pic/r-41-1.png]
[srvdata2.asuedu.kmk/Book_OP_04_OA_25/Les40/Pic/r-41-2.png]
[srvdata2.asuedu.kmk/Book_OP_04_OA_25/Les40/Pic/r-41-4.png]
[srvdata2.asuedu.kmk/Book_OP_04_OA_25/Les40/Pic/r-41-3.png]
[srvdata2.asuedu.kmk/Book_OP_04_OA_25/Les40/Pic/r-41-5.png]
[srvdata2.asuedu.kmk/Book_OP_04_OA_25/Les40/Pic/IMGList003-02.png]
[srvdata2.asuedu.kmk/Book_OP_04_OA_25/Les40/1.htm]
[srvdata2.asuedu.kmk/Book_OP_04_OA_25/Les40/Pic/r-41-6.png]
[srvdata2.asuedu.kmk/Book_OP_04_OA_25/Les40/Pic/r-41-7.png]
[srvdata2.asuedu.kmk/Book_OP_04_OA_25/Les40/Pic/r-41-8.png]
[srvdata2.asuedu.kmk/Book_OP_04_OA_25/Les40/Pic/r-41-9.png]
[srvdata2.asuedu.kmk/Book_OP_04_OA_25/Les40/2.htm]
[srvdata2.asuedu.kmk/Book_OP_04_OA_25/Les40/Pic/726_simple_list1.gif]
[srvdata2.asuedu.kmk/Book_OP_04_OA_25/Les40/Pic/727_simple_list2.gif]
[srvdata2.asuedu.kmk/Book_OP_04_OA_25/Les40/Pic/728_simple_list3.gif]
[srvdata2.asuedu.kmk/Book_OP_04_OA_25/Les40/Pic/729_simple_list4.gif]
[srvdata2.asuedu.kmk/Book_OP_04_OA_25/Les40/Pic/730_simple_list5.gif]
[srvdata2.asuedu.kmk/Book_OP_04_OA_25/Les40/Pic/731_simple_list6.gif]
[srvdata2.asuedu.kmk/Book_OP_04_OA_25/Les40/Pic/732_simple_list6.gif]
[srvdata2.asuedu.kmk/Book_OP_04_OA_25/Les40/3.htm]
[srvdata2.asuedu.kmk/Book_OP_04_OA_25/Les40/4.htm]
[srvdata2.asuedu.kmk/Book_OP_04_OA_25/Les40/Pic/IMGList003-03.png]
[srvdata2.asuedu.kmk/Book_OP_04_OA_25/Les40/Pic/IMGList003-04.png]
[srvdata2.asuedu.kmk/Book_OP_04_OA_25/Les40/5.htm]
[srvdata2.asuedu.kmk/Book_OP_04_OA_25/Les41/1.htm]
[srvdata2.asuedu.kmk/Book_OP_04_OA_25/Les41/2.htm]
[srvdata2.asuedu.kmk/Book_OP_04_OA_25/Les41/3.htm]
[srvdata2.asuedu.kmk/Book_OP_04_OA_25/Les41/4.htm]
[srvdata2.asuedu.kmk/Book_OP_04_OA_25/Les41/5.htm]
[srvdata2.asuedu.kmk/Book_OP_04_OA_25/Les41/Pic/r-44-1.png]
[srvdata2.asuedu.kmk/Book_OP_04_OA_25/Les41/7.htm]
[srvdata2.asuedu.kmk/Book_OP_04_OA_25/Les42/1.htm]
[srvdata2.asuedu.kmk/Book_OP_04_OA_25/Les42/Pic/array.png]
[srvdata2.asuedu.kmk/Book_OP_04_OA_25/Les42/2.htm]
[srvdata2.asuedu.kmk/Book_OP_04_OA_25/Les42/3.htm]
[srvdata2.asuedu.kmk/Book_OP_04_OA_25/Les42/6.htm]
[srvdata2.asuedu.kmk/Book_OP_04_OA_25/Les43/1.htm]
[srvdata2.asuedu.kmk/Book_OP_04_OA_25/Les43/Pic/r-53-1.jpg]
[srvdata2.asuedu.kmk/Book_OP_04_OA_25/Les43/Pic/r-53-2.jpg]
[srvdata2.asuedu.kmk/Book_OP_04_OA_25/Les43/Pic/r-53-3.jpg]
[srvdata2.asuedu.kmk/Book_OP_04_OA_25/Les43/Pic/r-53-4.jpg]
[srvdata2.asuedu.kmk/Book_OP_04_OA_25/Les43/Pic/r-53-5.jpg]
[srvdata2.asuedu.kmk/Book_OP_04_OA_25/Les43/2.htm]
[srvdata2.asuedu.kmk/Book_OP_04_OA_25/Les43/Pic/r-53-3-1.png]
[srvdata2.asuedu.kmk/Book_OP_04_OA_25/Les43/Pic/r-53-3-2.png]
[srvdata2.asuedu.kmk/Book_OP_04_OA_25/Les43/Pic/r-53-3-3.png]
[srvdata2.asuedu.kmk/Book_OP_04_OA_25/Les43/Pic/r-53-3-4.png]
[srvdata2.asuedu.kmk/Book_OP_04_OA_25/Les43/Pic/r-53-3-5.png]
[srvdata2.asuedu.kmk/Book_OP_04_OA_25/Les43/Pic/r-53-3-6.png]
[srvdata2.asuedu.kmk/Book_OP_04_OA_25/Les43/3.htm]
[srvdata2.asuedu.kmk/Book_OP_04_OA_25/Les43/4.htm]
[srvdata2.asuedu.kmk/Book_OP_04_OA_25/Les43/5.htm]
[srvdata2.asuedu.kmk/Book_OP_04_OA_25/Les43/6.htm]
[srvdata2.asuedu.kmk/Book_OP_04_OA_25/Les43/7.htm]
[srvdata2.asuedu.kmk/Book_OP_04_OA_25/Les43/8.htm]
[srvdata2.asuedu.kmk/Book_OP_04_OA_25/Les43/Pic/r-46-8.png]
[srvdata2.asuedu.kmk/Book_OP_04_OA_25/Les43/Pic/r-46-6.png]
[srvdata2.asuedu.kmk/Book_OP_04_OA_25/Les43/Pic/r-46-7.png]
[srvdata2.asuedu.kmk/Book_OP_04_OA_25/Les43/9.htm]
[srvdata2.asuedu.kmk/Book_OP_04_OA_25/Les44/Pic/new-27.gif]
[srvdata2.asuedu.kmk/Book_OP_04_OA_25/Les44/Pic/new-28.gif]
[srvdata2.asuedu.kmk/Book_OP_04_OA_25/Les44/Pic/r-44-10.jpeg]
[srvdata2.asuedu.kmk/Book_OP_04_OA_25/Les44/1.htm]
[srvdata2.asuedu.kmk/Book_OP_04_OA_25/Les44/Pic/1-8.jpg]
[srvdata2.asuedu.kmk/Book_OP_04_OA_25/Les44/Pic/1-9.jpg]
[srvdata2.asuedu.kmk/Book_OP_04_OA_25/Les44/2.htm]
[srvdata2.asuedu.kmk/Book_OP_04_OA_25/Les44/Pic/r-44-6.png]
[srvdata2.asuedu.kmk/Book_OP_04_OA_25/Les44/3.htm]
[srvdata2.asuedu.kmk/Book_OP_04_OA_25/Les44/Pic/19.7.png]
[srvdata2.asuedu.kmk/Book_OP_04_OA_25/Les44/Pic/slide23-l.jpg]
[srvdata2.asuedu.kmk/Book_OP_04_OA_25/Les44/Pic/slide-12.jpg]
[srvdata2.asuedu.kmk/Book_OP_04_OA_25/Les44/4.htm]
[srvdata2.asuedu.kmk/Book_OP_04_OA_25/Les44/Pic/r-44-1.png]
[srvdata2.asuedu.kmk/Book_OP_04_OA_25/Les44/5.htm]
[srvdata2.asuedu.kmk/Book_OP_04_OA_25/Les44/Pic/r-44-1.jpg]
[srvdata2.asuedu.kmk/Book_OP_04_OA_25/Les44/Pic/r-44-2.png]
[srvdata2.asuedu.kmk/Book_OP_04_OA_25/Les44/Pic/r-44-3.png]
[srvdata2.asuedu.kmk/Book_OP_04_OA_25/Les44/Pic/r-44-4.png]
[srvdata2.asuedu.kmk/Book_OP_04_OA_25/Les44/Pic/r-44-5.png]
[srvdata2.asuedu.kmk/Book_OP_04_OA_25/Les44/6.htm]
[srvdata2.asuedu.kmk/Book_OP_04_OA_25/Les45/1.htm]
[srvdata2.asuedu.kmk/Book_OP_04_OA_25/Les45/2.htm]
[srvdata2.asuedu.kmk/Book_OP_04_OA_25/Les45/Pic/19.7.png]
[srvdata2.asuedu.kmk/Book_OP_04_OA_25/Les45/Pic/slide23-l.jpg]
[srvdata2.asuedu.kmk/Book_OP_04_OA_25/Les45/4.htm]
[srvdata2.asuedu.kmk/Book_OP_04_OA_25/Les45/Pic/slide-12.jpg]
[srvdata2.asuedu.kmk/Book_OP_04_OA_25/Les46/1.htm]
[srvdata2.asuedu.kmk/Book_OP_04_OA_25/Les46/2.htm]
[srvdata2.asuedu.kmk/Book_OP_04_OA_25/Les46_/Pic/r-46-8.png]
[srvdata2.asuedu.kmk/Book_OP_04_OA_25/Les46_/Pic/r-46-6.png]
[srvdata2.asuedu.kmk/Book_OP_04_OA_25/Les46_/Pic/r-46-7.png]
[srvdata2.asuedu.kmk/Book_OP_04_OA_25/Les46/5.htm]
[srvdata2.asuedu.kmk/Book_OP_04_OA_25/Les47/1.htm]
[srvdata2.asuedu.kmk/Book_OP_04_OA_25/Les47/pic/img7246.png]
[srvdata2.asuedu.kmk/Book_OP_04_OA_25/Les47/Pic/img7246ф.png]
[srvdata2.asuedu.kmk/Book_OP_04_OA_25/Les47/Pic/r-47-1.png]
[srvdata2.asuedu.kmk/Book_OP_04_OA_25/Les47/2.htm]
[srvdata2.asuedu.kmk/Book_OP_04_OA_25/Les47/Pic/img7247.png]
[srvdata2.asuedu.kmk/Book_OP_04_OA_25/Les48/Pic/3.38.png]
[srvdata2.asuedu.kmk/Book_OP_04_OA_25/Les47/Pic/3.37.png]
[srvdata2.asuedu.kmk/Book_OP_04_OA_25/Les47/3.htm]
[srvdata2.asuedu.kmk/Book_OP_04_OA_25/Les47/Pic/r-48-7.png]
[srvdata2.asuedu.kmk/Book_OP_04_OA_25/Les47/Pic/r-48-8.png]
[srvdata2.asuedu.kmk/Book_OP_04_OA_25/Les47/4.htm]
[srvdata2.asuedu.kmk/Book_OP_04_OA_25/Les47/Pic/r-47-9.png]
[srvdata2.asuedu.kmk/Book_OP_04_OA_25/Les47/Pic/r-47-10.png]
[srvdata2.asuedu.kmk/Book_OP_04_OA_25/Les47/Pic/r-47-11.png]
[srvdata2.asuedu.kmk/Book_OP_04_OA_25/Les47/Pic/r-47-12.png]
[srvdata2.asuedu.kmk/Book_OP_04_OA_25/Les47/Pic/r-47-13.png]
[srvdata2.asuedu.kmk/Book_OP_04_OA_25/Les47/Pic/r-47-14.png]
[srvdata2.asuedu.kmk/Book_OP_04_OA_25/Les47/5.htm]
[srvdata2.asuedu.kmk/Book_OP_04_OA_25/Les47/Pz23.htm]
[srvdata2.asuedu.kmk/Book_OP_04_OA_25/Les48/Pic/r-48-1.png]
[srvdata2.asuedu.kmk/Book_OP_04_OA_25/Les48/Pic/r-48-2.png]
[srvdata2.asuedu.kmk/Book_OP_04_OA_25/Les48/Pic/r-48-3.png]
[srvdata2.asuedu.kmk/Book_OP_04_OA_25/Les48/Pic/r-48-4.png]
[srvdata2.asuedu.kmk/Book_OP_04_OA_25/Les48/Pic/r-48-5.png]
[srvdata2.asuedu.kmk/Book_OP_04_OA_25/Les48/Pic/r-48-6.png]
[srvdata2.asuedu.kmk/Book_OP_04_OA_25/Les48/1.htm]
[srvdata2.asuedu.kmk/Book_OP_04_OA_25/Les48/Pic/3.35.png]
[srvdata2.asuedu.kmk/Book_OP_04_OA_25/Les48/Pic/r-48-9.png]
[srvdata2.asuedu.kmk/Book_OP_04_OA_25/Les48/Pic/r-48-14.png]
[srvdata2.asuedu.kmk/Book_OP_04_OA_25/Les48/Pic/3.27.png]
[srvdata2.asuedu.kmk/Book_OP_04_OA_25/Les48/Pic/r-48-16.png]
[srvdata2.asuedu.kmk/Book_OP_04_OA_25/Les48/Pic/r-48-17.png]
[srvdata2.asuedu.kmk/Book_OP_04_OA_25/Les48/Pic/r-48-18.png]
[srvdata2.asuedu.kmk/Book_OP_04_OA_25/Les48/Pic/r-48-19.png]
[srvdata2.asuedu.kmk/Book_OP_04_OA_25/Les48/Pic/r-48-20.png]
[srvdata2.asuedu.kmk/Book_OP_04_OA_25/Les48/Pic/3.29.png]
[srvdata2.asuedu.kmk/Book_OP_04_OA_25/Les48/Pic/3.30.png]
[srvdata2.asuedu.kmk/Book_OP_04_OA_25/Les48/Pic/r-48-21.png]
[srvdata2.asuedu.kmk/Book_OP_04_OA_25/Les48/Pic/r-48-22.png]
[srvdata2.asuedu.kmk/Book_OP_04_OA_25/Les48/2.htm]
[srvdata2.asuedu.kmk/Book_OP_04_OA_25/Les48/Pic/r-48-23.png]
[srvdata2.asuedu.kmk/Book_OP_04_OA_25/Les48/Pic/r-48-24.png]
[srvdata2.asuedu.kmk/Book_OP_04_OA_25/Les48/3.htm]
[srvdata2.asuedu.kmk/Book_OP_04_OA_25/Les48/4.htm]
[srvdata2.asuedu.kmk/Book_OP_04_OA_25/Les48/5.htm]
[srvdata2.asuedu.kmk/Book_OP_04_OA_25/Les48/Pz23.htm]
[srvdata2.asuedu.kmk/Book_OP_04_OA_25/Les49/1.htm]
[srvdata2.asuedu.kmk/Book_OP_04_OA_25/Les49/Pic/r-47-2.png]
[srvdata2.asuedu.kmk/Book_OP_04_OA_25/Les49/Pic/r-47-3.png]
[srvdata2.asuedu.kmk/Book_OP_04_OA_25/Les49/Pic/r-47-4.png]
[srvdata2.asuedu.kmk/Book_OP_04_OA_25/Les49/Pic/r-47-5.png]
[srvdata2.asuedu.kmk/Book_OP_04_OA_25/Les49/Pic/r-49-1.png]
[srvdata2.asuedu.kmk/Book_OP_04_OA_25/Les49/Pic/r-47-6.png]
[srvdata2.asuedu.kmk/Book_OP_04_OA_25/Les49/Pic/r-47-7.png]
[srvdata2.asuedu.kmk/Book_OP_04_OA_25/Les49/2.htm]
[srvdata2.asuedu.kmk/Book_OP_04_OA_25/Les49/Pic/r-47-8.png]
[srvdata2.asuedu.kmk/Book_OP_04_OA_25/Les49/3.htm]
[srvdata2.asuedu.kmk/Book_OP_04_OA_25/Les49/Pic/r-47-9.png]
[srvdata2.asuedu.kmk/Book_OP_04_OA_25/Les49/Pic/r-47-10.png]
[srvdata2.asuedu.kmk/Book_OP_04_OA_25/Les49/Pic/r-47-11.png]
[srvdata2.asuedu.kmk/Book_OP_04_OA_25/Les49/Pic/r-47-12.png]
[srvdata2.asuedu.kmk/Book_OP_04_OA_25/Les49/Pic/r-47-13.png]
[srvdata2.asuedu.kmk/Book_OP_04_OA_25/Les49/Pic/r-47-14.png]
[srvdata2.asuedu.kmk/Book_OP_04_OA_25/Les49/4.htm]
[srvdata2.asuedu.kmk/Book_OP_04_OA_25/Les49/5.htm]
[srvdata2.asuedu.kmk/Book_OP_04_OA_25/Les49/6.htm]
[srvdata2.asuedu.kmk/Book_OP_04_OA_25/Les50/Pic/r-51-1.png]
[srvdata2.asuedu.kmk/Book_OP_04_OA_25/Les50/Pic/r-51-2.png]
[srvdata2.asuedu.kmk/Book_OP_04_OA_25/Les50/Pic/r-51-3.png]
[srvdata2.asuedu.kmk/Book_OP_04_OA_25/Les50/Pic/r-51-4.png]
[srvdata2.asuedu.kmk/Book_OP_04_OA_25/Les50/Pic/r-51-5.png]
[srvdata2.asuedu.kmk/Book_OP_04_OA_25/Les50/1.htm]
[srvdata2.asuedu.kmk/Book_OP_04_OA_25/Les50/Pic/r-51-6.png]
[srvdata2.asuedu.kmk/Book_OP_04_OA_25/Les50/Pic/r-51-7.png]
[srvdata2.asuedu.kmk/Book_OP_04_OA_25/Les50/Pic/r-51-8.png]
[srvdata2.asuedu.kmk/Book_OP_04_OA_25/Les50/2.htm]
[srvdata2.asuedu.kmk/Book_OP_04_OA_25/Les50/3.htm]
[srvdata2.asuedu.kmk/Book_OP_04_OA_25/Les50/Pic/r-51-9.png]
[srvdata2.asuedu.kmk/Book_OP_04_OA_25/Les50/5.htm]
[srvdata2.asuedu.kmk/Book_OP_04_OA_25/Les50/6.htm]
[srvdata2.asuedu.kmk/Book_OP_04_OA_25/Les51/Pic/u-13-2-1.png]
[srvdata2.asuedu.kmk/Book_OP_04_OA_25/Les51/Pic/u-13-2-2.png]
[srvdata2.asuedu.kmk/Book_OP_04_OA_25/Les51/Pic/u-13-2-3.png]
[srvdata2.asuedu.kmk/Book_OP_04_OA_25/Les51/Pic/u-13-2-4.png]
[srvdata2.asuedu.kmk/Book_OP_04_OA_25/Les51/Pic/u-13-2-5.png]
[srvdata2.asuedu.kmk/Book_OP_04_OA_25/Les51/Pic/u-13-2-6.png]
[srvdata2.asuedu.kmk/Book_OP_04_OA_25/Les51/Pic/u-13-2-7.png]
[srvdata2.asuedu.kmk/Book_OP_04_OA_25/Les51/Pic/u-13-2-8.png]
[srvdata2.asuedu.kmk/Book_OP_04_OA_25/Les51/Pic/u-13-2-9.png]
[srvdata2.asuedu.kmk/Book_OP_04_OA_25/Les51/Pic/u-13-2-10.png]
[srvdata2.asuedu.kmk/Book_OP_04_OA_25/Les51/Pic/u-13-2-11.png]
[srvdata2.asuedu.kmk/Book_OP_04_OA_25/Les51/Pic/u-13-2-12.png]
[srvdata2.asuedu.kmk/Book_OP_04_OA_25/Les51/Pic/u-13-2-13.png]
[srvdata2.asuedu.kmk/Book_OP_04_OA_25/Les51/Pic/u-13-2-14.png]
[srvdata2.asuedu.kmk/Book_OP_04_OA_25/Les51/Pic/u-13-2-15.png]
[srvdata2.asuedu.kmk/Book_OP_04_OA_25/Les51/Pic/u-13-2-16.png]
[srvdata2.asuedu.kmk/Book_OP_04_OA_25/Les51/Pic/u-13-2-17.png]
[srvdata2.asuedu.kmk/Book_OP_04_OA_25/Les51/Pic/u-13-2-18.png]
[srvdata2.asuedu.kmk/Book_OP_04_OA_25/Les51/Pic/u-13-2-19.png]
[srvdata2.asuedu.kmk/Book_OP_04_OA_25/Les51/Pic/u-13-2-20.png]
[srvdata2.asuedu.kmk/Book_OP_04_OA_25/Les51/Pic/u-13-2-21.png]
[srvdata2.asuedu.kmk/Book_OP_04_OA_25/Les51/Pic/u-13-2-22.png]
[srvdata2.asuedu.kmk/Book_OP_04_OA_25/Les51/Pic/u-13-2-23.png]
[srvdata2.asuedu.kmk/Book_OP_04_OA_25/Les51/Pic/u-13-2-24.png]
[srvdata2.asuedu.kmk/Book_OP_04_OA_25/Les51/Pic/u-13-2-25.png]
[srvdata2.asuedu.kmk/Book_OP_04_OA_25/Les51/1.htm]
[srvdata2.asuedu.kmk/Book_OP_04_OA_25/Les51/2.htm]
[srvdata2.asuedu.kmk/Book_OP_04_OA_25/Les51/Pic/u-13-3-1.png]
[srvdata2.asuedu.kmk/Book_OP_04_OA_25/Les51/Pic/u-13-3-2.png]
[srvdata2.asuedu.kmk/Book_OP_04_OA_25/Les51/Pic/u-13-3-3.png]
[srvdata2.asuedu.kmk/Book_OP_04_OA_25/Les51/Pic/u-13-3-4.png]
[srvdata2.asuedu.kmk/Book_OP_04_OA_25/Les51/Pic/u-13-3-5.png]
[srvdata2.asuedu.kmk/Book_OP_04_OA_25/Les51/Pic/u-13-3-6.png]
[srvdata2.asuedu.kmk/Book_OP_04_OA_25/Les51/Pic/u-13-3-7.png]
[srvdata2.asuedu.kmk/Book_OP_04_OA_25/Les51/3.htm]
[srvdata2.asuedu.kmk/Book_OP_04_OA_25/Les51/4.htm]
[srvdata2.asuedu.kmk/Book_OP_04_OA_25/Les51/Pic/Smartiqa_OOP_2_Field.png]
[srvdata2.asuedu.kmk/Book_OP_04_OA_25/Les51/5.htm]
[srvdata2.asuedu.kmk/Book_OP_04_OA_25/Les51/Pic/Ur33_calk.png]
[srvdata2.asuedu.kmk/Book_OP_04_OA_25/Les51/Pic/kv-obraz.jpg]
[srvdata2.asuedu.kmk/Book_OP_04_OA_25/Les51/6.htm]
[srvdata2.asuedu.kmk/Book_OP_04_OA_25/Les51/Pic/image001.png]
[srvdata2.asuedu.kmk/Book_OP_04_OA_25/Les51/Pic/image002.jpg]
[srvdata2.asuedu.kmk/Book_OP_04_OA_25/Les51/Pic/image003.png]
[srvdata2.asuedu.kmk/Book_OP_04_OA_25/Les51/Pic/image004.jpg]
[srvdata2.asuedu.kmk/Book_OP_04_OA_25/Les51/Pic/image005.png]
[srvdata2.asuedu.kmk/Book_OP_04_OA_25/Les51/Pic/image006.png]
[srvdata2.asuedu.kmk/Book_OP_04_OA_25/Les51/Pic/image007.png]
[srvdata2.asuedu.kmk/Book_OP_04_OA_25/Les51/Pic/image008.jpg]
[srvdata2.asuedu.kmk/Book_OP_04_OA_25/Les51/Pic/image009.png]
[srvdata2.asuedu.kmk/Book_OP_04_OA_25/Les51/7.htm]
[srvdata2.asuedu.kmk/Book_OP_04_OA_25/Les51/Pic/u-13-8-1.png]
[srvdata2.asuedu.kmk/Book_OP_04_OA_25/Les51/Pic/u-13-8-2.png]
[srvdata2.asuedu.kmk/Book_OP_04_OA_25/Les51/Pic/u-13-8-3.png]
[srvdata2.asuedu.kmk/Book_OP_04_OA_25/Les51/Pic/u-13-8-4.png]
[srvdata2.asuedu.kmk/Book_OP_04_OA_25/Les51/Pic/u-13-8-5.png]
[srvdata2.asuedu.kmk/Book_OP_04_OA_25/Les51/Pic/u-13-8-6.png]
[srvdata2.asuedu.kmk/Book_OP_04_OA_25/Les51/Pic/u-13-8-8.png]
[srvdata2.asuedu.kmk/Book_OP_04_OA_25/Les51/8.htm]
[srvdata2.asuedu.kmk/Book_OP_04_OA_25/Les51/Pic/u-13-8-7.png]
[srvdata2.asuedu.kmk/Book_OP_04_OA_25/Les52/Pic/Smartiqa_OOP_4_Acces.png]
[srvdata2.asuedu.kmk/Book_OP_04_OA_25/Les52/1.htm]
[srvdata2.asuedu.kmk/Book_OP_04_OA_25/Les52/Pic/Smartiqa_OOP_1_attri.png]
[srvdata2.asuedu.kmk/Book_OP_04_OA_25/Les52/2.htm]
[srvdata2.asuedu.kmk/Book_OP_04_OA_25/Les52/3.htm]
[srvdata2.asuedu.kmk/Book_OP_04_OA_25/Les52/4.htm]
[srvdata2.asuedu.kmk/Book_OP_04_OA_25/Les52/Pic/u-13-8-1.png]
[srvdata2.asuedu.kmk/Book_OP_04_OA_25/Les52/Pic/u-13-8-2.png]
[srvdata2.asuedu.kmk/Book_OP_04_OA_25/Les52/Pic/u-13-8-3.png]
[srvdata2.asuedu.kmk/Book_OP_04_OA_25/Les52/Pic/u-13-8-4.png]
[srvdata2.asuedu.kmk/Book_OP_04_OA_25/Les52/Pic/u-13-8-5.png]
[srvdata2.asuedu.kmk/Book_OP_04_OA_25/Les52/Pic/u-13-8-6.png]
[srvdata2.asuedu.kmk/Book_OP_04_OA_25/Les52/Pic/u-13-8-8.png]
[srvdata2.asuedu.kmk/Book_OP_04_OA_25/Les52/5.htm]
[srvdata2.asuedu.kmk/Book_OP_04_OA_25/Les52/Pic/u-13-8-7.png]
[srvdata2.asuedu.kmk/Book_OP_04_OA_25/Les52/Pic/kv-obraz.jpg]
[srvdata2.asuedu.kmk/Book_OP_04_OA_25/Les52/6.htm]
[srvdata2.asuedu.kmk/Book_OP_04_OA_25/Les53/1.htm]
[srvdata2.asuedu.kmk/Book_OP_04_OA_25/Les53/2.htm]
[srvdata2.asuedu.kmk/Book_OP_04_OA_25/Les53/4.htm]
[srvdata2.asuedu.kmk/Book_OP_04_OA_25/Les53/Pic/kv-obraz.jpg]
[srvdata2.asuedu.kmk/Book_OP_04_OA_25/Les53/5.htm]
[srvdata2.asuedu.kmk/Book_OP_04_OA_25/Les53/Pic/r-53-1.png]
[srvdata2.asuedu.kmk/Book_OP_04_OA_25/Les53/Pic/r-53-2.png]
[srvdata2.asuedu.kmk/Book_OP_04_OA_25/Les53/Pic/r-53-3.png]
[srvdata2.asuedu.kmk/Book_OP_04_OA_25/Les53/6.htm]
[srvdata2.asuedu.kmk/Book_OP_04_OA_25/Les54/Pic/r-54-4.png]
[srvdata2.asuedu.kmk/Book_OP_04_OA_25/Les54/Pic/r-54-5.png]
[srvdata2.asuedu.kmk/Book_OP_04_OA_25/Les54/Pic/r-54-6.png]
[srvdata2.asuedu.kmk/Book_OP_04_OA_25/Les54/Pic/r-54-7.png]
[srvdata2.asuedu.kmk/Book_OP_04_OA_25/Les54/Pic/r-54-8.png]
[srvdata2.asuedu.kmk/Book_OP_04_OA_25/Les54/1.htm]
[srvdata2.asuedu.kmk/Book_OP_04_OA_25/Les54/Pic/img7267.png]
[srvdata2.asuedu.kmk/Book_OP_04_OA_25/Les54/2.htm]
[srvdata2.asuedu.kmk/Book_OP_04_OA_25/Les54/3.htm]
[srvdata2.asuedu.kmk/Book_OP_04_OA_25/Les54/4.htm]
[srvdata2.asuedu.kmk/Book_OP_04_OA_25/Les54/5.htm]
[srvdata2.asuedu.kmk/Book_OP_04_OA_25/Les54/Pic/r-54-2.png]
[srvdata2.asuedu.kmk/Book_OP_04_OA_25/Les54/Pic/r-54-3.png]
[srvdata2.asuedu.kmk/Book_OP_04_OA_25/Les54/Pic/r-54-1.png]
[srvdata2.asuedu.kmk/Book_OP_04_OA_25/Les54/6.htm]
[srvdata2.asuedu.kmk/Book_OP_04_OA_25/Les54/Pic/r-54-9.png]
[srvdata2.asuedu.kmk/Book_OP_04_OA_25/Les55/Pic/img6689.png]
[srvdata2.asuedu.kmk/Book_OP_04_OA_25/Les55/Pic/img6690.png]
[srvdata2.asuedu.kmk/Book_OP_04_OA_25/Les55/1.htm]
[srvdata2.asuedu.kmk/Book_OP_04_OA_25/Les55/Pic/img6691.png]
[srvdata2.asuedu.kmk/Book_OP_04_OA_25/Les55/2.htm]
[srvdata2.asuedu.kmk/Book_OP_04_OA_25/Les55/Pic/img6692.png]
[srvdata2.asuedu.kmk/Book_OP_04_OA_25/Les55/3.htm]
[srvdata2.asuedu.kmk/Book_OP_04_OA_25/Les55/Pic/img6693.png]
[srvdata2.asuedu.kmk/Book_OP_04_OA_25/Les55/Pic/img6694.png]
[srvdata2.asuedu.kmk/Book_OP_04_OA_25/Les55/Pic/img6695.png]
[srvdata2.asuedu.kmk/Book_OP_04_OA_25/Les55/4.htm]
[srvdata2.asuedu.kmk/Book_OP_04_OA_25/Les55/5.htm]
[srvdata2.asuedu.kmk/Book_OP_04_OA_25/Les55/6.htm]
[srvdata2.asuedu.kmk/Book_OP_04_OA_25/Les55/Pic/img6696.png]
[srvdata2.asuedu.kmk/Book_OP_04_OA_25/Les55/7.htm]
[srvdata2.asuedu.kmk/Book_OP_04_OA_25/Les55/8.htm]
[srvdata2.asuedu.kmk/Book_OP_04_OA_25/Les55/9.htm]
[srvdata2.asuedu.kmk/Book_OP_04_OA_25/Les56/1.htm]
[srvdata2.asuedu.kmk/Book_OP_04_OA_25/Les56/2.htm]
[srvdata2.asuedu.kmk/Book_OP_04_OA_25/Les56/3.htm]
[srvdata2.asuedu.kmk/Book_OP_04_OA_25/Les56/4.htm]
[srvdata2.asuedu.kmk/Book_OP_04_OA_25/Les56/5.htm]
[srvdata2.asuedu.kmk/Book_OP_04_OA_25/Les56/6.htm]
[srvdata2.asuedu.kmk/Book_OP_04_OA_25/Les57/Pic/r-56-1.png]
[srvdata2.asuedu.kmk/Book_OP_04_OA_25/Les57/Pic/r-56-2.png]
[srvdata2.asuedu.kmk/Book_OP_04_OA_25/Les57/Pic/r-56-3.png]
[srvdata2.asuedu.kmk/Book_OP_04_OA_25/Les57/Pic/r-56-4.png]
[srvdata2.asuedu.kmk/Book_OP_04_OA_25/Les57/Pic/r-56-5.png]
[srvdata2.asuedu.kmk/Book_OP_04_OA_25/Les57/Pic/r-56-6.png]
[srvdata2.asuedu.kmk/Book_OP_04_OA_25/Les57/Pic/r-56-7.png]
[srvdata2.asuedu.kmk/Book_OP_04_OA_25/Les57/Pic/r-56-8.png]
[srvdata2.asuedu.kmk/Book_OP_04_OA_25/Les57/Pic/r-56-9.png]
[srvdata2.asuedu.kmk/Book_OP_04_OA_25/Les57/Pic/r-56-10.png]
[srvdata2.asuedu.kmk/Book_OP_04_OA_25/Les57/1.htm]
[srvdata2.asuedu.kmk/Book_OP_04_OA_25/Les57/2.htm]
[srvdata2.asuedu.kmk/Book_OP_04_OA_25/Les57/Pic/r-56-13.png]
[srvdata2.asuedu.kmk/Book_OP_04_OA_25/Les57/Pic/r-56-14.png]
[srvdata2.asuedu.kmk/Book_OP_04_OA_25/Les57/Pic/r-56-15.png]
[srvdata2.asuedu.kmk/Book_OP_04_OA_25/Les57/Pic/r-56-16.png]
[srvdata2.asuedu.kmk/Book_OP_04_OA_25/Les57/Pic/r-56-11.png]
[srvdata2.asuedu.kmk/Book_OP_04_OA_25/Les57/Pic/r-56-12.png]
[srvdata2.asuedu.kmk/Book_OP_04_OA_25/Les57/3.htm]
[srvdata2.asuedu.kmk/Book_OP_04_OA_25/Les57/4.htm]
[srvdata2.asuedu.kmk/Book_OP_04_OA_25/Les57/Pic/img9341.png]
[srvdata2.asuedu.kmk/Book_OP_04_OA_25/Les57/5.htm]
[srvdata2.asuedu.kmk/Book_OP_04_OA_25/Les58/Pic/r-57-4.png]
[srvdata2.asuedu.kmk/Book_OP_04_OA_25/Les58/1.htm]
[srvdata2.asuedu.kmk/Book_OP_04_OA_25/Les58/2.htm]
[srvdata2.asuedu.kmk/Book_OP_04_OA_25/Les58/3.htm]
[srvdata2.asuedu.kmk/Book_OP_04_OA_25/Les58/Pic/02_02_02_11_01_04_01r-281x300.jpg]
[srvdata2.asuedu.kmk/Book_OP_04_OA_25/Les58/Pic/02_02_02_11_01_04_02r-300x211.jpg]
[srvdata2.asuedu.kmk/Book_OP_04_OA_25/Les58/4.htm]
[srvdata2.asuedu.kmk/Book_OP_04_OA_25/Les58/5.htm]
[srvdata2.asuedu.kmk/Book_OP_04_OA_25/Les58/Pic/r-57-6-1.png]
[srvdata2.asuedu.kmk/Book_OP_04_OA_25/Les58/Pic/r-57-6-2.png]
[srvdata2.asuedu.kmk/Book_OP_04_OA_25/Les58/6.htm]
[srvdata2.asuedu.kmk/Book_OP_04_OA_25/Les59/Pic/r-61-1.png]
[srvdata2.asuedu.kmk/Book_OP_04_OA_25/Les59/Pic/r-61-2.png]
[srvdata2.asuedu.kmk/Book_OP_04_OA_25/Les59/Pic/r-61-40.png]
[srvdata2.asuedu.kmk/Book_OP_04_OA_25/Les59/1.htm]
[srvdata2.asuedu.kmk/Book_OP_04_OA_25/Les59/Pic/r-61-5.png]
[srvdata2.asuedu.kmk/Book_OP_04_OA_25/Les59/Pic/r-61-6.png]
[srvdata2.asuedu.kmk/Book_OP_04_OA_25/Les59/Pic/r-61-7.png]
[srvdata2.asuedu.kmk/Book_OP_04_OA_25/Les59/Pic/r-61-8.png]
[srvdata2.asuedu.kmk/Book_OP_04_OA_25/Les59/Pic/r-61-9.png]
[srvdata2.asuedu.kmk/Book_OP_04_OA_25/Les59/Pic/r-61-10.png]
[srvdata2.asuedu.kmk/Book_OP_04_OA_25/Les59/Pic/r-61-11.png]
[srvdata2.asuedu.kmk/Book_OP_04_OA_25/Les59/Pic/r-61-12.png]
[srvdata2.asuedu.kmk/Book_OP_04_OA_25/Les59/Pic/r-61-13.png]
[srvdata2.asuedu.kmk/Book_OP_04_OA_25/Les59/Pic/r-61-14.png]
[srvdata2.asuedu.kmk/Book_OP_04_OA_25/Les59/Pic/r-61-15.png]
[srvdata2.asuedu.kmk/Book_OP_04_OA_25/Les59/Pic/r-61-16.png]
[srvdata2.asuedu.kmk/Book_OP_04_OA_25/Les59/Pic/r-61-17.png]
[srvdata2.asuedu.kmk/Book_OP_04_OA_25/Les59/Pic/r-61-18.png]
[srvdata2.asuedu.kmk/Book_OP_04_OA_25/Les59/Pic/r-61-19.png]
[srvdata2.asuedu.kmk/Book_OP_04_OA_25/Les59/Pic/r-61-20.png]
[srvdata2.asuedu.kmk/Book_OP_04_OA_25/Les59/Pic/r-61-21.png]
[srvdata2.asuedu.kmk/Book_OP_04_OA_25/Les59/Pic/r-61-22.png]
[srvdata2.asuedu.kmk/Book_OP_04_OA_25/Les59/Pic/r-61-23.png]
[srvdata2.asuedu.kmk/Book_OP_04_OA_25/Les59/Pic/r-61-24.png]
[srvdata2.asuedu.kmk/Book_OP_04_OA_25/Les59/Pic/r-61-25.png]
[srvdata2.asuedu.kmk/Book_OP_04_OA_25/Les59/Pic/r-61-26.png]
[srvdata2.asuedu.kmk/Book_OP_04_OA_25/Les59/Pic/r-61-27.png]
[srvdata2.asuedu.kmk/Book_OP_04_OA_25/Les59/Pic/r-61-28.png]
[srvdata2.asuedu.kmk/Book_OP_04_OA_25/Les59/Pic/r-61-29.png]
[srvdata2.asuedu.kmk/Book_OP_04_OA_25/Les59/Pic/r-61-30.png]
[srvdata2.asuedu.kmk/Book_OP_04_OA_25/Les59/Pic/r-61-31.png]
[srvdata2.asuedu.kmk/Book_OP_04_OA_25/Les59/Pic/r-61-32.png]
[srvdata2.asuedu.kmk/Book_OP_04_OA_25/Les59/Pic/r-61-33.png]
[srvdata2.asuedu.kmk/Book_OP_04_OA_25/Les59/Pic/r-61-34.png]
[srvdata2.asuedu.kmk/Book_OP_04_OA_25/Les59/2.htm]
[srvdata2.asuedu.kmk/Book_OP_04_OA_25/Les59/Pic/r61-36.jpg]
[srvdata2.asuedu.kmk/Book_OP_04_OA_25/Les59/Pic/r-61-36.png]
[srvdata2.asuedu.kmk/Book_OP_04_OA_25/Les59/Pic/r-61-35.png]
[srvdata2.asuedu.kmk/Book_OP_04_OA_25/Les59/Pic/Delegate20Example1.jpg]
[srvdata2.asuedu.kmk/Book_OP_04_OA_25/Les59/Pic/Multicast20Delegate1.jpg]
[srvdata2.asuedu.kmk/Book_OP_04_OA_25/Les59/3.htm]
[srvdata2.asuedu.kmk/Book_OP_04_OA_25/Les59/Pic/r-61-37.png]
[srvdata2.asuedu.kmk/Book_OP_04_OA_25/Les59/Pic/r-61-38.png]
[srvdata2.asuedu.kmk/Book_OP_04_OA_25/Les59/4.htm]
[srvdata2.asuedu.kmk/Book_OP_04_OA_25/Les59/Pic/r-61-39.png]
[srvdata2.asuedu.kmk/Book_OP_04_OA_25/Les59/Pic/r-61-3.png]
[srvdata2.asuedu.kmk/Book_OP_04_OA_25/Les59/Pic/r-61-42.png]
[srvdata2.asuedu.kmk/Book_OP_04_OA_25/Les59/Pic/r-61-41.png]
[srvdata2.asuedu.kmk/Book_OP_04_OA_25/Les59/Pic/r-61-4.png]
[srvdata2.asuedu.kmk/Book_OP_04_OA_25/Les59/5.htm]
[srvdata2.asuedu.kmk/Book_OP_04_OA_25/Les60/Pic/21_01.gif]
[srvdata2.asuedu.kmk/Book_OP_04_OA_25/Les60/Pic/21_02.gif]
[srvdata2.asuedu.kmk/Book_OP_04_OA_25/Les60/Pic/21_03.gif]
[srvdata2.asuedu.kmk/Book_OP_04_OA_25/Les60/1.htm]
[srvdata2.asuedu.kmk/Book_OP_04_OA_25/Les60/Pic/02_02_02_17_08_01r-1024x286.jpg]
[srvdata2.asuedu.kmk/Book_OP_04_OA_25/Les60/2.htm]
[srvdata2.asuedu.kmk/Book_OP_04_OA_25/Les60/Pic/r-63-1.png]
[srvdata2.asuedu.kmk/Book_OP_04_OA_25/Les60/Pic/r-63-2.png]
[srvdata2.asuedu.kmk/Book_OP_04_OA_25/Les60/Pic/event1-500x404.png]
[srvdata2.asuedu.kmk/Book_OP_04_OA_25/Les60/Pic/r-63-3.png]
[srvdata2.asuedu.kmk/Book_OP_04_OA_25/Les60/Pic/r-63-4.png]
[srvdata2.asuedu.kmk/Book_OP_04_OA_25/Les60/3.htm]
[srvdata2.asuedu.kmk/Book_OP_04_OA_25/Les60/4.htm]
[srvdata2.asuedu.kmk/Book_OP_04_OA_25/Les60/Pic/f02_01.jpg]
[srvdata2.asuedu.kmk/Book_OP_04_OA_25/Les60/5.htm]
[srvdata2.asuedu.kmk/Book_OP_04_OA_25/Les60/Pz23.htm]
[srvdata2.asuedu.kmk/Book_OP_04_OA_25/Les61/Pic/r-59-1.png]
[srvdata2.asuedu.kmk/Book_OP_04_OA_25/Les61/Pic/r-59-2.png]
[srvdata2.asuedu.kmk/Book_OP_04_OA_25/Les61/1.htm]
[srvdata2.asuedu.kmk/Book_OP_04_OA_25/Les61/2.htm]
[srvdata2.asuedu.kmk/Book_OP_04_OA_25/Les61/Pic/r-59-3.png]
[srvdata2.asuedu.kmk/Book_OP_04_OA_25/Les61/3.htm]
[srvdata2.asuedu.kmk/Book_OP_04_OA_25/Les61/Pic/r-59-5.png]
[srvdata2.asuedu.kmk/Book_OP_04_OA_25/Les61/Pic/r-59-6.png]
[srvdata2.asuedu.kmk/Book_OP_04_OA_25/Les61/Pic/r-59-7.png]
[srvdata2.asuedu.kmk/Book_OP_04_OA_25/Les61/Pic/r-59-8.png]
[srvdata2.asuedu.kmk/Book_OP_04_OA_25/Les61/Pic/r-59-9.png]
[srvdata2.asuedu.kmk/Book_OP_04_OA_25/Les61/4.htm]
[srvdata2.asuedu.kmk/Book_OP_04_OA_25/Les61/Pic/r-59-14.png]
[srvdata2.asuedu.kmk/Book_OP_04_OA_25/Les61/5.htm]
[srvdata2.asuedu.kmk/Book_OP_04_OA_25/Les62/1.htm]
[srvdata2.asuedu.kmk/Book_OP_04_OA_25/Les62/Pic/r-60-1.png]
[srvdata2.asuedu.kmk/Book_OP_04_OA_25/Les62/Pic/r-60-2.png]
[srvdata2.asuedu.kmk/Book_OP_04_OA_25/Les62/Pic/r-60-3.png]
[srvdata2.asuedu.kmk/Book_OP_04_OA_25/Les62/2.htm]
[srvdata2.asuedu.kmk/Book_OP_04_OA_25/Les62/Pic/r-61-3.png]
[srvdata2.asuedu.kmk/Book_OP_04_OA_25/Les62/Pic/r-61-7.png]
[srvdata2.asuedu.kmk/Book_OP_04_OA_25/Les62/Pic/r-61-4.png]
[srvdata2.asuedu.kmk/Book_OP_04_OA_25/Les62/Pic/r-61-9.png]
[srvdata2.asuedu.kmk/Book_OP_04_OA_25/Les62/4.htm]
[srvdata2.asuedu.kmk/Book_OP_04_OA_25/Les63/Pic/img1454.png]
[srvdata2.asuedu.kmk/Book_OP_04_OA_25/Les63/Pic/img1455.png]
[srvdata2.asuedu.kmk/Book_OP_04_OA_25/Les63/1.htm]
[srvdata2.asuedu.kmk/Book_OP_04_OA_25/Les63/2.htm]
[srvdata2.asuedu.kmk/Book_OP_04_OA_25/Les63/3.htm]
[srvdata2.asuedu.kmk/Book_OP_04_OA_25/Les64/1.htm]
[srvdata2.asuedu.kmk/Book_OP_04_OA_25/Les64/2.htm]
[srvdata2.asuedu.kmk/Book_OP_04_OA_25/Les64/3.htm]
[srvdata2.asuedu.kmk/Book_OP_04_OA_25/Les70/Pic/u-16-2-1.jpg]
[srvdata2.asuedu.kmk/Book_OP_04_OA_25/Les70/1.htm]
[srvdata2.asuedu.kmk/Book_OP_04_OA_25/Les70/Pic/u-16-3-1.png]
[srvdata2.asuedu.kmk/Book_OP_04_OA_25/Les70/Pic/u-16-3-2.png]
[srvdata2.asuedu.kmk/Book_OP_04_OA_25/Les70/Pic/u-16-3-3.png]
[srvdata2.asuedu.kmk/Book_OP_04_OA_25/Les70/Pic/u-16-3-4.png]
[srvdata2.asuedu.kmk/Book_OP_04_OA_25/Les70/Pic/resizable.png]
[srvdata2.asuedu.kmk/Book_OP_04_OA_25/Les70/Pic/root_title.png]
[srvdata2.asuedu.kmk/Book_OP_04_OA_25/Les70/Pic/overrideredirect.png]
[srvdata2.asuedu.kmk/Book_OP_04_OA_25/Les70/2.htm]
[srvdata2.asuedu.kmk/Book_OP_04_OA_25/Les70/Pic/1.2.png]
[srvdata2.asuedu.kmk/Book_OP_04_OA_25/Les70/Pic/1.3.png]
[srvdata2.asuedu.kmk/Book_OP_04_OA_25/Les70/3.htm]
[srvdata2.asuedu.kmk/Book_OP_04_OA_25/Les70/6.htm]
[srvdata2.asuedu.kmk/Book_OP_04_OA_25/Les71/Pic/2.3.png]
[srvdata2.asuedu.kmk/Book_OP_04_OA_25/Les71/Pic/r-66-1.jpg]
[srvdata2.asuedu.kmk/Book_OP_04_OA_25/Les71/Pic/r-66-3.png]
[srvdata2.asuedu.kmk/Book_OP_04_OA_25/Les71/Pic/r-66-4.png]
[srvdata2.asuedu.kmk/Book_OP_04_OA_25/Les71/Pic/r-66-5.png]
[srvdata2.asuedu.kmk/Book_OP_04_OA_25/Les71/Pic/r-66-6.png]
[srvdata2.asuedu.kmk/Book_OP_04_OA_25/Les71/Pic/r-66-7.png]
[srvdata2.asuedu.kmk/Book_OP_04_OA_25/Les71/Pic/r-66-9.png]
[srvdata2.asuedu.kmk/Book_OP_04_OA_25/Les71/Pic/r-66-10.png]
[srvdata2.asuedu.kmk/Book_OP_04_OA_25/Les71/Pic/r-66-11.png]
[srvdata2.asuedu.kmk/Book_OP_04_OA_25/Les71/Pic/r-66-12.png]
[srvdata2.asuedu.kmk/Book_OP_04_OA_25/Les71/Pic/r-66-13.png]
[srvdata2.asuedu.kmk/Book_OP_04_OA_25/Les71/1.htm]
[srvdata2.asuedu.kmk/Book_OP_04_OA_25/Les71/Pic/5-6-choose-color.jpg]
[srvdata2.asuedu.kmk/Book_OP_04_OA_25/Les71/Pic/5-7-font-properties.jpg]
[srvdata2.asuedu.kmk/Book_OP_04_OA_25/Les71/2.htm]
[srvdata2.asuedu.kmk/Book_OP_04_OA_25/Les71/Pic/5-8-properties.jpg]
[srvdata2.asuedu.kmk/Book_OP_04_OA_25/Les71/Pic/5-9-error.jpg]
[srvdata2.asuedu.kmk/Book_OP_04_OA_25/Les71/3.htm]
[srvdata2.asuedu.kmk/Book_OP_04_OA_25/Les71/Pic/993.png]
[srvdata2.asuedu.kmk/Book_OP_04_OA_25/Les71/Pic/190.png]
[srvdata2.asuedu.kmk/Book_OP_04_OA_25/Les71/4.htm]
[srvdata2.asuedu.kmk/Book_OP_04_OA_25/Les71/Pic/5-10-vs-toolbox.jpg]
[srvdata2.asuedu.kmk/Book_OP_04_OA_25/Les71/Pic/5-11-set-anchor.jpg]
[srvdata2.asuedu.kmk/Book_OP_04_OA_25/Les71/Pic/5-12-Dock.jpg]
[srvdata2.asuedu.kmk/Book_OP_04_OA_25/Les71/Pic/5-13-LoadImage.jpg]
[srvdata2.asuedu.kmk/Book_OP_04_OA_25/Les71/Pic/5-14-AlignText.jpg]
[srvdata2.asuedu.kmk/Book_OP_04_OA_25/Les71/Pic/5-15-CheckedListBox.jpg]
[srvdata2.asuedu.kmk/Book_OP_04_OA_25/Les71/Pic/5-16-ComboBox-Styles.jpg]
[srvdata2.asuedu.kmk/Book_OP_04_OA_25/Les71/Pic/5-17-ColumnEditor.jpg]
[srvdata2.asuedu.kmk/Book_OP_04_OA_25/Les71/Pic/5-18-ListItemEditor.jpg]
[srvdata2.asuedu.kmk/Book_OP_04_OA_25/Les71/5.htm]
[srvdata2.asuedu.kmk/Book_OP_04_OA_25/Les71/Pic/5-19-TreeNodeEditor.jpg]
[srvdata2.asuedu.kmk/Book_OP_04_OA_25/Les71/Pz23.htm]
[srvdata2.asuedu.kmk/Book_OP_04_OA_25/Les71/Pic/11-1-mdi.jpg]
[srvdata2.asuedu.kmk/Book_OP_04_OA_25/Les71/Pic/11-2-form.jpg]
[srvdata2.asuedu.kmk/Book_OP_04_OA_25/Les71/Pic/11-3-dialog.jpg]
[srvdata2.asuedu.kmk/Book_OP_04_OA_25/Les71/7.htm]
[srvdata2.asuedu.kmk/Book_OP_04_OA_25/Les71/Pic/11-4-form.jpg]
[srvdata2.asuedu.kmk/Book_OP_04_OA_25/Les71/8.htm]
[srvdata2.asuedu.kmk/Book_OP_04_OA_25/Les71/9.htm]
[srvdata2.asuedu.kmk/Book_OP_04_OA_25/Les80/1.htm]
[srvdata2.asuedu.kmk/Book_OP_04_OA_25/Les80/2.htm]
[srvdata2.asuedu.kmk/Book_OP_04_OA_25/Les80/3.htm]
[srvdata2.asuedu.kmk/Book_OP_04_OA_25/Les80/4.htm]
[srvdata2.asuedu.kmk/Book_OP_04_OA_25/Les80/5.htm]
[srvdata2.asuedu.kmk/Book_OP_04_OA_25/Les80/Pz23.htm]
[srvdata2.asuedu.kmk/Book_OP_04_OA_25/Les80/7.htm]
[srvdata2.asuedu.kmk/Book_OP_04_OA_25/Les80/8.htm]
[srvdata2.asuedu.kmk/Book_OP_04_OA_25/Les80/9.htm]
[srvdata2.asuedu.kmk/Book_OP_04_OA_25/Les80/10.htm]
[srvdata2.asuedu.kmk/Book_OP_04_OA_25/Les80/11.htm]
[srvdata2.asuedu.kmk/Book_OP_04_OA_25/Les80/12.htm]
[srvdata2.asuedu.kmk/Book_OP_04_OA_25/Les80/13.htm]
[srvdata2.asuedu.kmk/Book_OP_04_OA_25/Les80/14.htm]
[srvdata2.asuedu.kmk/Book_OP_04_OA_25/Les80/15.htm]
[srvdata2.asuedu.kmk/Book_OP_04_OA_25/Les80/16.htm]
[srvdata2.asuedu.kmk/Book_OP_04_OA_25/Les80/17.htm]
[srvdata2.asuedu.kmk/Book_OP_04_OA_25/Les80/18.htm]
[srvdata2.asuedu.kmk/Book_OP_04_OA_25/Les80/19.htm]
[srvdata2.asuedu.kmk/Book_OP_04_OA_25/Les80/20.htm]
[srvdata2.asuedu.kmk/Book_OP_04_OA_25/Les80/21.htm]
[srvdata2.asuedu.kmk/Book_OP_04_OA_25/Les77/1.htm]
[srvdata2.asuedu.kmk/Book_OP_04_OA_25/Les77/Pic/r-15-23.png]
[srvdata2.asuedu.kmk/Book_OP_04_OA_25/Les77/Pic/r-15-24.png]
[srvdata2.asuedu.kmk/Book_OP_04_OA_25/Les77/2.htm]
[srvdata2.asuedu.kmk/Book_OP_04_OA_25/Les77/4.htm]
[srvdata2.asuedu.kmk/Book_OP_04_OA_25/Les78/Pic/papki-build-i-dist-takzhe-fajl-spec.png]
[srvdata2.asuedu.kmk/Book_OP_04_OA_25/Les78/Pic/ispolnyaemyj-fajl.png]
[srvdata2.asuedu.kmk/Book_OP_04_OA_25/Les78/Pic/dobavlenie-fajlov-s-dannymi.png]
[srvdata2.asuedu.kmk/Book_OP_04_OA_25/Les78/1.htm]
[srvdata2.asuedu.kmk/Book_OP_04_OA_25/Les78/Pic/dobavlenie-fajlov-s-dannymi-i-parametr-onefile.png]
[srvdata2.asuedu.kmk/Book_OP_04_OA_25/Les78/Pz23.htm]
[srvdata2.asuedu.kmk/Book_OP_04_OA_25/Les3/code.css]
[srvdata2.asuedu.kmk/Css/GlobalCss.css]
[srvdata2.asuedu.kmk/Book_OP_04_OA_25/Les22/shCoreDefault.css]
[srvdata2.asuedu.kmk/Book_OP_04_OA_25/Les46_/Index_Les46.htm]
[srvdata2.asuedu.kmk/Book_OP_04_OA_25/Les57/Human.HTM]
[srvdata2.asuedu.kmk/Book_OP_04_OA_25/Les46_/1.htm]
[srvdata2.asuedu.kmk/Book_OP_04_OA_25/Les46_/2.htm]
[srvdata2.asuedu.kmk/Book_OP_04_OA_25/Les46_/3.htm]
[srvdata2.asuedu.kmk/Book_OP_04_OA_25/Les46_/4.htm]
[srvdata2.asuedu.kmk/Book_OP_04_OA_25/Les46_/5.htm]
[srvdata2.asuedu.kmk/Book_OP_04_OA_25/Les46_/Pic/r-46-1.png]
[srvdata2.asuedu.kmk/Book_OP_04_OA_25/Les46_/Pic/r-46-2.png]
[srvdata2.asuedu.kmk/Book_OP_04_OA_25/Les46_/Pic/r-46-3.png]
[srvdata2.asuedu.kmk/Book_OP_04_OA_25/Les46_/Pic/r-46-4.png]
[srvdata2.asuedu.kmk/Book_OP_04_OA_25/Les46_/6.htm]
[srvdata2.asuedu.kmk/Book_OP_04_OA_25/Les46_/7.htm]
